2026-04-27 14:33:11 [INFO] experiment_cfg = {'training': {'patch_size': 32, 'sharp_threshold': 0.75, 'blur_threshold': 0.4, 'PCA_components': 0.995, 'sample_percentage': 100}, 'models': {'decision_tree': {'max_depth': 16, 'min_samples_split': 50, 'min_samples_leaf': 20, 'class_weight': 'balanced', 'random_state': 42}, 'random_forest': {'n_estimators': 100, 'max_depth': 16, 'random_state': 42, 'class_weight': 'balanced_subsample', 'n_jobs': -1}, 'svm': {'nystroem_components': 300, 'nystroem_kernel': 'rbf', 'nystroem_gamma': None, 'random_state': 42, 'svc_c': 1.0, 'class_weight': 'balanced', 'max_iter': 5000}, 'cnn': {'epochs': [10, 20, 30, 50, 60], 'batch_base': 128, 'seed': 42, 'learning_rate': 0.001, 'use_weighted_sampler': False, 'sampler_weight_power': 1.0, 'loss_weight_power': 1.0, 'build_lmdb_if_missing': True, 'assume_fixed_size': True}}}
2026-04-27 14:33:11 [INFO] control_cfg = {'pipeline': {'preprocess': 1, 'train_evaluate': 1}, 'models': {'decision_tree': 0, 'random_forest': 0, 'svm': 0, 'cnn': 1}}
2026-04-27 14:33:11 [INFO] 

2026-04-27 14:33:11 [INFO] Sweep target: models.cnn.epochs -> [10, 20, 30, 50, 60]
2026-04-27 14:33:11 [INFO] === Step 1: Preprocessing (Run Once) ===
2026-04-27 14:41:32 [INFO] Preprocessing total time: 501.22s
2026-04-27 14:41:32 [INFO] === Mode: Train + Evaluate ===
2026-04-27 14:41:32 [INFO] === Run 1/5 | models.cnn.epochs=10 ===
2026-04-27 14:41:32 [INFO] Evaluate output tag: CNN_epochs_10
2026-04-27 14:41:32 [INFO] Enabled models: cnn
2026-04-27 14:41:32 [INFO] === Step 2: Training ===
2026-04-27 14:41:44 [INFO] [CNN] Detected classes: [0, 1, 2], num_classes=3
2026-04-27 14:41:44 [INFO] ==== Device & Training Configuration ====
2026-04-27 14:41:44 [INFO] MPS Device detected
2026-04-27 14:41:44 [INFO] Using device: mps, AMP enabled: False
2026-04-27 14:41:44 [INFO] Batch size: 128, num_workers: 5
2026-04-27 14:41:44 [INFO] ========================================
2026-04-27 14:43:11 [INFO] [LMDB] Build done in 86.93s
2026-04-27 14:43:11 [INFO] [CNN] Using LMDB dataset: /Volumes/JIAYI/ImageFocusDetection/data/samples_labels/patches_ps32.lmdb
2026-04-27 14:43:11 [INFO] [CNN] Weighted sampler disabled.
2026-04-27 14:43:11 [INFO] [CNN] Class counts: [320810, 59941, 257402]
2026-04-27 14:43:11 [INFO] [CNN] Class weights: [0.663100004196167, 3.548799991607666, 0.8263999819755554]
2026-04-27 14:43:38 [INFO] Epoch 1/10, Loss: 1269.4992
2026-04-27 14:44:01 [INFO] Epoch 2/10, Loss: 849.6643
2026-04-27 14:44:25 [INFO] Epoch 3/10, Loss: 755.9672
2026-04-27 14:44:48 [INFO] Epoch 4/10, Loss: 694.3482
2026-04-27 14:45:12 [INFO] Epoch 5/10, Loss: 656.6265
2026-04-27 14:45:37 [INFO] Epoch 6/10, Loss: 630.7084
2026-04-27 14:46:02 [INFO] Epoch 7/10, Loss: 612.8811
2026-04-27 14:46:27 [INFO] Epoch 8/10, Loss: 597.7454
2026-04-27 14:46:52 [INFO] Epoch 9/10, Loss: 584.8329
2026-04-27 14:47:17 [INFO] Epoch 10/10, Loss: 573.3428
2026-04-27 14:47:17 [INFO] [CNN] Training time: 245.25 seconds
2026-04-27 14:47:17 [INFO] 

2026-04-27 14:47:17 [INFO] === Step 3: Evaluate ===
2026-04-27 14:48:19 [INFO] [CNN] Multi-class prediction uses argmax.
2026-04-27 14:48:32 [INFO] ========== CNN ==========
2026-04-27 14:48:32 [INFO] Accuracy: 0.8333
2026-04-27 14:48:32 [INFO] Classification Report:
2026-04-27 14:48:32 [INFO] 
               precision    recall  f1-score   support

           0       0.79      1.00      0.88     65830
           1       1.00      0.65      0.79     14665
           2       0.88      0.68      0.77     55575

    accuracy                           0.83    136070
   macro avg       0.89      0.78      0.81    136070
weighted avg       0.85      0.83      0.83    136070

2026-04-27 14:48:32 [INFO] Confusion Matrix:
2026-04-27 14:48:32 [INFO] 
 [[65801     0    29]
 [    2  9549  5114]
 [17534     5 38036]]
2026-04-27 14:48:44 [INFO] [CNN] Evaluate overlays saved under: /Volumes/JIAYI/ImageFocusDetection/logs/_evaluate_cache
2026-04-27 14:48:44 [INFO] === Run 2/5 | models.cnn.epochs=20 ===
2026-04-27 14:48:44 [INFO] Evaluate output tag: CNN_epochs_20
2026-04-27 14:48:44 [INFO] Enabled models: cnn
2026-04-27 14:48:44 [INFO] === Step 2: Training ===
2026-04-27 14:48:55 [INFO] [CNN] Detected classes: [0, 1, 2], num_classes=3
2026-04-27 14:48:55 [INFO] ==== Device & Training Configuration ====
2026-04-27 14:48:55 [INFO] MPS Device detected
2026-04-27 14:48:55 [INFO] Using device: mps, AMP enabled: False
2026-04-27 14:48:55 [INFO] Batch size: 128, num_workers: 5
2026-04-27 14:48:55 [INFO] ========================================
2026-04-27 14:48:55 [INFO] [LMDB] Removed existing cache: /Volumes/JIAYI/ImageFocusDetection/data/samples_labels/patches_ps32.lmdb
2026-04-27 14:48:55 [INFO] [LMDB] Removed existing lock: /Volumes/JIAYI/ImageFocusDetection/data/samples_labels/patches_ps32.lmdb-lock
2026-04-27 14:50:25 [INFO] [LMDB] Build done in 89.47s
2026-04-27 14:50:25 [INFO] [CNN] Using LMDB dataset: /Volumes/JIAYI/ImageFocusDetection/data/samples_labels/patches_ps32.lmdb
2026-04-27 14:50:25 [INFO] [CNN] Weighted sampler disabled.
2026-04-27 14:50:25 [INFO] [CNN] Class counts: [320810, 59941, 257402]
2026-04-27 14:50:25 [INFO] [CNN] Class weights: [0.663100004196167, 3.548799991607666, 0.8263999819755554]
2026-04-27 14:50:52 [INFO] Epoch 1/20, Loss: 1269.4992
2026-04-27 14:51:17 [INFO] Epoch 2/20, Loss: 849.6643
2026-04-27 14:51:42 [INFO] Epoch 3/20, Loss: 755.9672
2026-04-27 14:52:07 [INFO] Epoch 4/20, Loss: 694.3482
2026-04-27 14:52:32 [INFO] Epoch 5/20, Loss: 656.6265
2026-04-27 14:52:57 [INFO] Epoch 6/20, Loss: 630.7084
2026-04-27 14:53:22 [INFO] Epoch 7/20, Loss: 612.8811
2026-04-27 14:53:47 [INFO] Epoch 8/20, Loss: 597.7454
2026-04-27 14:54:12 [INFO] Epoch 9/20, Loss: 584.8329
2026-04-27 14:54:37 [INFO] Epoch 10/20, Loss: 573.3428
2026-04-27 14:55:02 [INFO] Epoch 11/20, Loss: 563.2524
2026-04-27 14:55:27 [INFO] Epoch 12/20, Loss: 560.2910
2026-04-27 14:55:52 [INFO] Epoch 13/20, Loss: 550.1073
2026-04-27 14:56:17 [INFO] Epoch 14/20, Loss: 542.7955
2026-04-27 14:56:43 [INFO] Epoch 15/20, Loss: 539.4491
2026-04-27 14:57:09 [INFO] Epoch 16/20, Loss: 540.8938
2026-04-27 14:57:34 [INFO] Epoch 17/20, Loss: 532.6321
2026-04-27 14:58:00 [INFO] Epoch 18/20, Loss: 526.6603
2026-04-27 14:58:26 [INFO] Epoch 19/20, Loss: 521.8930
2026-04-27 14:58:52 [INFO] Epoch 20/20, Loss: 521.2730
2026-04-27 14:58:52 [INFO] [CNN] Training time: 506.76 seconds
2026-04-27 14:58:52 [INFO] 

2026-04-27 14:58:52 [INFO] === Step 3: Evaluate ===
2026-04-27 14:59:36 [INFO] [CNN] Multi-class prediction uses argmax.
2026-04-27 15:00:00 [INFO] ========== CNN ==========
2026-04-27 15:00:00 [INFO] Accuracy: 0.8498
2026-04-27 15:00:00 [INFO] Classification Report:
2026-04-27 15:00:00 [INFO] 
               precision    recall  f1-score   support

           0       0.80      1.00      0.89     65830
           1       1.00      0.71      0.83     14665
           2       0.90      0.71      0.79     55575

    accuracy                           0.85    136070
   macro avg       0.90      0.81      0.84    136070
weighted avg       0.86      0.85      0.84    136070

2026-04-27 15:00:00 [INFO] Confusion Matrix:
2026-04-27 15:00:00 [INFO] 
 [[65815     0    15]
 [    1 10394  4270]
 [16150     8 39417]]
2026-04-27 15:00:11 [INFO] [CNN] Evaluate overlays saved under: /Volumes/JIAYI/ImageFocusDetection/logs/_evaluate_cache
2026-04-27 15:00:11 [INFO] === Run 3/5 | models.cnn.epochs=30 ===
2026-04-27 15:00:11 [INFO] Evaluate output tag: CNN_epochs_30
2026-04-27 15:00:11 [INFO] Enabled models: cnn
2026-04-27 15:00:11 [INFO] === Step 2: Training ===
2026-04-27 15:00:23 [INFO] [CNN] Detected classes: [0, 1, 2], num_classes=3
2026-04-27 15:00:23 [INFO] ==== Device & Training Configuration ====
2026-04-27 15:00:23 [INFO] MPS Device detected
2026-04-27 15:00:23 [INFO] Using device: mps, AMP enabled: False
2026-04-27 15:00:23 [INFO] Batch size: 128, num_workers: 5
2026-04-27 15:00:23 [INFO] ========================================
2026-04-27 15:00:23 [INFO] [LMDB] Removed existing cache: /Volumes/JIAYI/ImageFocusDetection/data/samples_labels/patches_ps32.lmdb
2026-04-27 15:00:23 [INFO] [LMDB] Removed existing lock: /Volumes/JIAYI/ImageFocusDetection/data/samples_labels/patches_ps32.lmdb-lock
2026-04-27 15:01:49 [INFO] [LMDB] Build done in 86.23s
2026-04-27 15:01:49 [INFO] [CNN] Using LMDB dataset: /Volumes/JIAYI/ImageFocusDetection/data/samples_labels/patches_ps32.lmdb
2026-04-27 15:01:49 [INFO] [CNN] Weighted sampler disabled.
2026-04-27 15:01:49 [INFO] [CNN] Class counts: [320810, 59941, 257402]
2026-04-27 15:01:49 [INFO] [CNN] Class weights: [0.663100004196167, 3.548799991607666, 0.8263999819755554]
2026-04-27 15:02:18 [INFO] Epoch 1/30, Loss: 1269.4992
2026-04-27 15:02:43 [INFO] Epoch 2/30, Loss: 849.6643
2026-04-27 15:03:07 [INFO] Epoch 3/30, Loss: 755.9672
2026-04-27 15:03:33 [INFO] Epoch 4/30, Loss: 694.3482
2026-04-27 15:03:58 [INFO] Epoch 5/30, Loss: 656.6265
2026-04-27 15:04:24 [INFO] Epoch 6/30, Loss: 630.7084
2026-04-27 15:04:49 [INFO] Epoch 7/30, Loss: 612.8811
2026-04-27 15:05:15 [INFO] Epoch 8/30, Loss: 597.7454
2026-04-27 15:05:41 [INFO] Epoch 9/30, Loss: 584.8329
2026-04-27 15:06:06 [INFO] Epoch 10/30, Loss: 573.3428
2026-04-27 15:06:32 [INFO] Epoch 11/30, Loss: 563.2524
2026-04-27 15:06:58 [INFO] Epoch 12/30, Loss: 560.2910
2026-04-27 15:07:23 [INFO] Epoch 13/30, Loss: 550.1073
2026-04-27 15:07:48 [INFO] Epoch 14/30, Loss: 542.7955
2026-04-27 15:08:13 [INFO] Epoch 15/30, Loss: 539.4491
2026-04-27 15:08:38 [INFO] Epoch 16/30, Loss: 540.8938
2026-04-27 15:09:03 [INFO] Epoch 17/30, Loss: 532.6321
2026-04-27 15:09:28 [INFO] Epoch 18/30, Loss: 526.6603
2026-04-27 15:09:53 [INFO] Epoch 19/30, Loss: 521.8930
2026-04-27 15:10:18 [INFO] Epoch 20/30, Loss: 521.2730
2026-04-27 15:10:43 [INFO] Epoch 21/30, Loss: 524.4520
2026-04-27 15:11:08 [INFO] Epoch 22/30, Loss: 518.4399
2026-04-27 15:11:33 [INFO] Epoch 23/30, Loss: 515.7473
2026-04-27 15:11:58 [INFO] Epoch 24/30, Loss: 512.3368
2026-04-27 15:12:23 [INFO] Epoch 25/30, Loss: 510.1614
2026-04-27 15:12:48 [INFO] Epoch 26/30, Loss: 504.6327
2026-04-27 15:13:13 [INFO] Epoch 27/30, Loss: 500.1565
2026-04-27 15:13:38 [INFO] Epoch 28/30, Loss: 504.8840
2026-04-27 15:14:03 [INFO] Epoch 29/30, Loss: 497.6098
2026-04-27 15:14:28 [INFO] Epoch 30/30, Loss: 500.7330
2026-04-27 15:14:28 [INFO] [CNN] Training time: 758.34 seconds
2026-04-27 15:14:28 [INFO] 

2026-04-27 15:14:28 [INFO] === Step 3: Evaluate ===
2026-04-27 15:15:21 [INFO] [CNN] Multi-class prediction uses argmax.
2026-04-27 15:15:55 [INFO] ========== CNN ==========
2026-04-27 15:15:55 [INFO] Accuracy: 0.8709
2026-04-27 15:15:55 [INFO] Classification Report:
2026-04-27 15:15:56 [INFO] 
               precision    recall  f1-score   support

           0       0.86      0.99      0.92     65830
           1       1.00      0.60      0.75     14665
           2       0.87      0.80      0.84     55575

    accuracy                           0.87    136070
   macro avg       0.91      0.80      0.83    136070
weighted avg       0.88      0.87      0.87    136070

2026-04-27 15:15:56 [INFO] Confusion Matrix:
2026-04-27 15:15:56 [INFO] 
 [[65110     0   720]
 [    3  8748  5914]
 [10926     0 44649]]
2026-04-27 15:16:07 [INFO] [CNN] Evaluate overlays saved under: /Volumes/JIAYI/ImageFocusDetection/logs/_evaluate_cache
2026-04-27 15:16:07 [INFO] === Run 4/5 | models.cnn.epochs=50 ===
2026-04-27 15:16:07 [INFO] Evaluate output tag: CNN_epochs_50
2026-04-27 15:16:07 [INFO] Enabled models: cnn
2026-04-27 15:16:07 [INFO] === Step 2: Training ===
2026-04-27 15:16:19 [INFO] [CNN] Detected classes: [0, 1, 2], num_classes=3
2026-04-27 15:16:19 [INFO] ==== Device & Training Configuration ====
2026-04-27 15:16:19 [INFO] MPS Device detected
2026-04-27 15:16:19 [INFO] Using device: mps, AMP enabled: False
2026-04-27 15:16:19 [INFO] Batch size: 128, num_workers: 5
2026-04-27 15:16:19 [INFO] ========================================
2026-04-27 15:16:19 [INFO] [LMDB] Removed existing cache: /Volumes/JIAYI/ImageFocusDetection/data/samples_labels/patches_ps32.lmdb
2026-04-27 15:16:19 [INFO] [LMDB] Removed existing lock: /Volumes/JIAYI/ImageFocusDetection/data/samples_labels/patches_ps32.lmdb-lock
2026-04-27 15:18:55 [INFO] [LMDB] Build done in 155.62s
2026-04-27 15:18:55 [INFO] [CNN] Using LMDB dataset: /Volumes/JIAYI/ImageFocusDetection/data/samples_labels/patches_ps32.lmdb
2026-04-27 15:18:55 [INFO] [CNN] Weighted sampler disabled.
2026-04-27 15:18:55 [INFO] [CNN] Class counts: [320810, 59941, 257402]
2026-04-27 15:18:55 [INFO] [CNN] Class weights: [0.663100004196167, 3.548799991607666, 0.8263999819755554]
2026-04-27 15:19:23 [INFO] Epoch 1/50, Loss: 1269.4992
2026-04-27 15:19:48 [INFO] Epoch 2/50, Loss: 849.6643
2026-04-27 15:20:13 [INFO] Epoch 3/50, Loss: 755.9672
2026-04-27 15:20:38 [INFO] Epoch 4/50, Loss: 694.3482
2026-04-27 15:21:03 [INFO] Epoch 5/50, Loss: 656.6265
2026-04-27 15:21:28 [INFO] Epoch 6/50, Loss: 630.7084
2026-04-27 15:21:53 [INFO] Epoch 7/50, Loss: 612.8811
2026-04-27 15:22:18 [INFO] Epoch 8/50, Loss: 597.7454
2026-04-27 15:22:44 [INFO] Epoch 9/50, Loss: 584.8329
2026-04-27 15:23:09 [INFO] Epoch 10/50, Loss: 573.3428
2026-04-27 15:23:34 [INFO] Epoch 11/50, Loss: 563.2524
2026-04-27 15:23:59 [INFO] Epoch 12/50, Loss: 560.2910
2026-04-27 15:24:24 [INFO] Epoch 13/50, Loss: 550.1073
2026-04-27 15:24:49 [INFO] Epoch 14/50, Loss: 542.7955
2026-04-27 15:25:14 [INFO] Epoch 15/50, Loss: 539.4491
2026-04-27 15:25:39 [INFO] Epoch 16/50, Loss: 540.8938
2026-04-27 15:26:04 [INFO] Epoch 17/50, Loss: 532.6321
2026-04-27 15:26:29 [INFO] Epoch 18/50, Loss: 526.6603
2026-04-27 15:26:54 [INFO] Epoch 19/50, Loss: 521.8930
2026-04-27 15:27:19 [INFO] Epoch 20/50, Loss: 521.2730
2026-04-27 15:27:44 [INFO] Epoch 21/50, Loss: 524.4520
2026-04-27 15:28:10 [INFO] Epoch 22/50, Loss: 518.4399
2026-04-27 15:28:35 [INFO] Epoch 23/50, Loss: 515.7473
2026-04-27 15:29:00 [INFO] Epoch 24/50, Loss: 512.3368
2026-04-27 15:29:25 [INFO] Epoch 25/50, Loss: 510.1614
2026-04-27 15:29:50 [INFO] Epoch 26/50, Loss: 504.6327
2026-04-27 15:30:15 [INFO] Epoch 27/50, Loss: 500.1565
2026-04-27 15:30:40 [INFO] Epoch 28/50, Loss: 504.8840
2026-04-27 15:31:05 [INFO] Epoch 29/50, Loss: 497.6098
2026-04-27 15:31:30 [INFO] Epoch 30/50, Loss: 500.7330
2026-04-27 15:31:55 [INFO] Epoch 31/50, Loss: 499.6656
2026-04-27 15:32:20 [INFO] Epoch 32/50, Loss: 502.2370
2026-04-27 15:32:45 [INFO] Epoch 33/50, Loss: 496.1484
2026-04-27 15:33:11 [INFO] Epoch 34/50, Loss: 496.6428
2026-04-27 15:33:36 [INFO] Epoch 35/50, Loss: 494.3184
2026-04-27 15:34:01 [INFO] Epoch 36/50, Loss: 496.4889
2026-04-27 15:34:26 [INFO] Epoch 37/50, Loss: 494.9105
2026-04-27 15:34:51 [INFO] Epoch 38/50, Loss: 489.8137
2026-04-27 15:35:16 [INFO] Epoch 39/50, Loss: 490.7302
2026-04-27 15:35:41 [INFO] Epoch 40/50, Loss: 487.4000
2026-04-27 15:36:06 [INFO] Epoch 41/50, Loss: 487.8430
2026-04-27 15:36:31 [INFO] Epoch 42/50, Loss: 488.5241
2026-04-27 15:36:55 [INFO] Epoch 43/50, Loss: 484.7255
2026-04-27 15:37:21 [INFO] Epoch 44/50, Loss: 485.5412
2026-04-27 15:37:46 [INFO] Epoch 45/50, Loss: 483.7607
2026-04-27 15:38:11 [INFO] Epoch 46/50, Loss: 485.9757
2026-04-27 15:38:35 [INFO] Epoch 47/50, Loss: 483.3177
2026-04-27 15:39:00 [INFO] Epoch 48/50, Loss: 482.3848
2026-04-27 15:39:25 [INFO] Epoch 49/50, Loss: 482.2088
2026-04-27 15:39:50 [INFO] Epoch 50/50, Loss: 481.3409
2026-04-27 15:39:50 [INFO] [CNN] Training time: 1254.64 seconds
2026-04-27 15:39:50 [INFO] 

2026-04-27 15:39:50 [INFO] === Step 3: Evaluate ===
2026-04-27 15:40:45 [INFO] [CNN] Multi-class prediction uses argmax.
2026-04-27 15:41:19 [INFO] ========== CNN ==========
2026-04-27 15:41:19 [INFO] Accuracy: 0.8825
2026-04-27 15:41:19 [INFO] Classification Report:
2026-04-27 15:41:19 [INFO] 
               precision    recall  f1-score   support

           0       0.88      0.97      0.92     65830
           1       1.00      0.63      0.77     14665
           2       0.86      0.85      0.85     55575

    accuracy                           0.88    136070
   macro avg       0.91      0.82      0.85    136070
weighted avg       0.89      0.88      0.88    136070

2026-04-27 15:41:19 [INFO] Confusion Matrix:
2026-04-27 15:41:19 [INFO] 
 [[63707     0  2123]
 [    2  9251  5412]
 [ 8450     2 47123]]
2026-04-27 15:41:31 [INFO] [CNN] Evaluate overlays saved under: /Volumes/JIAYI/ImageFocusDetection/logs/_evaluate_cache
2026-04-27 15:41:31 [INFO] === Run 5/5 | models.cnn.epochs=60 ===
2026-04-27 15:41:31 [INFO] Evaluate output tag: CNN_epochs_60
2026-04-27 15:41:31 [INFO] Enabled models: cnn
2026-04-27 15:41:31 [INFO] === Step 2: Training ===
2026-04-27 15:41:43 [INFO] [CNN] Detected classes: [0, 1, 2], num_classes=3
2026-04-27 15:41:43 [INFO] ==== Device & Training Configuration ====
2026-04-27 15:41:43 [INFO] MPS Device detected
2026-04-27 15:41:43 [INFO] Using device: mps, AMP enabled: False
2026-04-27 15:41:43 [INFO] Batch size: 128, num_workers: 5
2026-04-27 15:41:43 [INFO] ========================================
2026-04-27 15:41:43 [INFO] [LMDB] Removed existing cache: /Volumes/JIAYI/ImageFocusDetection/data/samples_labels/patches_ps32.lmdb
2026-04-27 15:41:43 [INFO] [LMDB] Removed existing lock: /Volumes/JIAYI/ImageFocusDetection/data/samples_labels/patches_ps32.lmdb-lock
2026-04-27 15:44:18 [INFO] [LMDB] Build done in 155.18s
2026-04-27 15:44:18 [INFO] [CNN] Using LMDB dataset: /Volumes/JIAYI/ImageFocusDetection/data/samples_labels/patches_ps32.lmdb
2026-04-27 15:44:18 [INFO] [CNN] Weighted sampler disabled.
2026-04-27 15:44:18 [INFO] [CNN] Class counts: [320810, 59941, 257402]
2026-04-27 15:44:18 [INFO] [CNN] Class weights: [0.663100004196167, 3.548799991607666, 0.8263999819755554]
2026-04-27 15:44:46 [INFO] Epoch 1/60, Loss: 1269.4992
2026-04-27 15:45:11 [INFO] Epoch 2/60, Loss: 849.6643
2026-04-27 15:45:36 [INFO] Epoch 3/60, Loss: 755.9672
2026-04-27 15:46:01 [INFO] Epoch 4/60, Loss: 694.3482
2026-04-27 15:46:26 [INFO] Epoch 5/60, Loss: 656.6265
2026-04-27 15:46:51 [INFO] Epoch 6/60, Loss: 630.7084
2026-04-27 15:47:16 [INFO] Epoch 7/60, Loss: 612.8811
2026-04-27 15:47:41 [INFO] Epoch 8/60, Loss: 597.7454
2026-04-27 15:48:06 [INFO] Epoch 9/60, Loss: 584.8329
2026-04-27 15:48:31 [INFO] Epoch 10/60, Loss: 573.3428
2026-04-27 15:48:56 [INFO] Epoch 11/60, Loss: 563.2524
2026-04-27 15:49:21 [INFO] Epoch 12/60, Loss: 560.2910
2026-04-27 15:49:46 [INFO] Epoch 13/60, Loss: 550.1073
2026-04-27 15:50:11 [INFO] Epoch 14/60, Loss: 542.7955
2026-04-27 15:50:36 [INFO] Epoch 15/60, Loss: 539.4491
2026-04-27 15:51:01 [INFO] Epoch 16/60, Loss: 540.8938
2026-04-27 15:51:26 [INFO] Epoch 17/60, Loss: 532.6321
2026-04-27 15:51:51 [INFO] Epoch 18/60, Loss: 526.6603
2026-04-27 15:52:16 [INFO] Epoch 19/60, Loss: 521.8930
2026-04-27 15:52:41 [INFO] Epoch 20/60, Loss: 521.2730
2026-04-27 15:53:06 [INFO] Epoch 21/60, Loss: 524.4520
2026-04-27 15:53:31 [INFO] Epoch 22/60, Loss: 518.4399
2026-04-27 15:53:57 [INFO] Epoch 23/60, Loss: 515.7473
2026-04-27 15:54:22 [INFO] Epoch 24/60, Loss: 512.3368
2026-04-27 15:54:47 [INFO] Epoch 25/60, Loss: 510.1614
2026-04-27 15:55:12 [INFO] Epoch 26/60, Loss: 504.6327
2026-04-27 15:55:37 [INFO] Epoch 27/60, Loss: 500.1565
2026-04-27 15:56:02 [INFO] Epoch 28/60, Loss: 504.8840
2026-04-27 15:56:27 [INFO] Epoch 29/60, Loss: 497.6098
2026-04-27 15:56:52 [INFO] Epoch 30/60, Loss: 500.7330
2026-04-27 15:57:17 [INFO] Epoch 31/60, Loss: 499.6656
2026-04-27 15:57:42 [INFO] Epoch 32/60, Loss: 502.2370
2026-04-27 15:58:07 [INFO] Epoch 33/60, Loss: 496.1484
2026-04-27 15:58:32 [INFO] Epoch 34/60, Loss: 496.6428
2026-04-27 15:58:57 [INFO] Epoch 35/60, Loss: 494.3184
2026-04-27 15:59:22 [INFO] Epoch 36/60, Loss: 496.4889
2026-04-27 15:59:47 [INFO] Epoch 37/60, Loss: 494.9105
2026-04-27 16:00:12 [INFO] Epoch 38/60, Loss: 489.8137
2026-04-27 16:00:37 [INFO] Epoch 39/60, Loss: 490.7302
2026-04-27 16:01:02 [INFO] Epoch 40/60, Loss: 487.4000
2026-04-27 16:01:27 [INFO] Epoch 41/60, Loss: 487.8430
2026-04-27 16:01:52 [INFO] Epoch 42/60, Loss: 488.5241
2026-04-27 16:02:17 [INFO] Epoch 43/60, Loss: 484.7255
2026-04-27 16:02:42 [INFO] Epoch 44/60, Loss: 485.5412
2026-04-27 16:03:07 [INFO] Epoch 45/60, Loss: 483.7607
2026-04-27 16:03:32 [INFO] Epoch 46/60, Loss: 485.9757
2026-04-27 16:03:57 [INFO] Epoch 47/60, Loss: 483.3177
2026-04-27 16:04:22 [INFO] Epoch 48/60, Loss: 482.3848
2026-04-27 16:04:47 [INFO] Epoch 49/60, Loss: 482.2088
2026-04-27 16:05:13 [INFO] Epoch 50/60, Loss: 481.3409
2026-04-27 16:05:38 [INFO] Epoch 51/60, Loss: 479.9973
2026-04-27 16:06:03 [INFO] Epoch 52/60, Loss: 482.2847
2026-04-27 16:06:28 [INFO] Epoch 53/60, Loss: 481.8870
2026-04-27 16:06:53 [INFO] Epoch 54/60, Loss: 479.4379
2026-04-27 16:07:18 [INFO] Epoch 55/60, Loss: 478.4142
2026-04-27 16:07:43 [INFO] Epoch 56/60, Loss: 480.6589
2026-04-27 16:08:08 [INFO] Epoch 57/60, Loss: 479.8191
2026-04-27 16:08:33 [INFO] Epoch 58/60, Loss: 477.4885
2026-04-27 16:08:58 [INFO] Epoch 59/60, Loss: 476.9761
2026-04-27 16:09:23 [INFO] Epoch 60/60, Loss: 478.9875
2026-04-27 16:09:23 [INFO] [CNN] Training time: 1504.51 seconds
2026-04-27 16:09:23 [INFO] 

2026-04-27 16:09:23 [INFO] === Step 3: Evaluate ===
2026-04-27 16:10:18 [INFO] [CNN] Multi-class prediction uses argmax.
2026-04-27 16:11:22 [INFO] ========== CNN ==========
2026-04-27 16:11:22 [INFO] Accuracy: 0.8860
2026-04-27 16:11:22 [INFO] Classification Report:
2026-04-27 16:11:22 [INFO] 
               precision    recall  f1-score   support

           0       0.87      0.99      0.92     65830
           1       1.00      0.69      0.81     14665
           2       0.89      0.82      0.85     55575

    accuracy                           0.89    136070
   macro avg       0.92      0.83      0.86    136070
weighted avg       0.89      0.89      0.88    136070

2026-04-27 16:11:22 [INFO] Confusion Matrix:
2026-04-27 16:11:22 [INFO] 
 [[64903     0   927]
 [    2 10082  4581]
 [ 9994    11 45570]]
2026-04-27 16:11:33 [INFO] [CNN] Evaluate overlays saved under: /Volumes/JIAYI/ImageFocusDetection/logs/_evaluate_cache
2026-04-27 16:11:33 [INFO] Packaged outputs: /Volumes/JIAYI/ImageFocusDetection/logs/CNN_epochs_2026_0427_144132
2026-04-27 16:11:34 [INFO] Collected 370 predict image folder(s) to: /Volumes/JIAYI/ImageFocusDetection/logs/CNN_epochs_2026_0427_144132/predict_images
2026-04-27 16:11:35 [INFO] Generated plots: 8
