2026-04-27 16:16:34 [INFO] experiment_cfg = {'training': {'patch_size': 32, 'sharp_threshold': 0.75, 'blur_threshold': 0.75, 'PCA_components': 0.995, 'sample_percentage': 100}, 'models': {'decision_tree': {'max_depth': 16, 'min_samples_split': 50, 'min_samples_leaf': 20, 'class_weight': 'balanced', 'random_state': 42}, 'random_forest': {'n_estimators': 100, 'max_depth': 16, 'random_state': 42, 'class_weight': 'balanced_subsample', 'n_jobs': -1}, 'svm': {'nystroem_components': 300, 'nystroem_kernel': 'rbf', 'nystroem_gamma': None, 'random_state': 42, 'svc_c': 1.0, 'class_weight': 'balanced', 'max_iter': 5000}, 'cnn': {'epochs': [10, 20, 30, 50, 60], 'batch_base': 128, 'seed': 42, 'learning_rate': 0.001, 'use_weighted_sampler': False, 'sampler_weight_power': 1.0, 'loss_weight_power': 1.0, 'build_lmdb_if_missing': True, 'assume_fixed_size': True}}}
2026-04-27 16:16:34 [INFO] control_cfg = {'pipeline': {'preprocess': 1, 'train_evaluate': 1}, 'models': {'decision_tree': 0, 'random_forest': 0, 'svm': 0, 'cnn': 1}}
2026-04-27 16:16:34 [INFO] 

2026-04-27 16:16:34 [INFO] Sweep target: models.cnn.epochs -> [10, 20, 30, 50, 60]
2026-04-27 16:16:34 [INFO] === Step 1: Preprocessing (Run Once) ===
2026-04-27 16:24:41 [INFO] Preprocessing total time: 486.76s
2026-04-27 16:24:41 [INFO] === Mode: Train + Evaluate ===
2026-04-27 16:24:41 [INFO] === Run 1/5 | models.cnn.epochs=10 ===
2026-04-27 16:24:41 [INFO] Evaluate output tag: CNN_epochs_10
2026-04-27 16:24:41 [INFO] Enabled models: cnn
2026-04-27 16:24:41 [INFO] === Step 2: Training ===
2026-04-27 16:24:53 [INFO] [CNN] Detected classes: [0, 1], num_classes=2
2026-04-27 16:24:53 [INFO] ==== Device & Training Configuration ====
2026-04-27 16:24:53 [INFO] MPS Device detected
2026-04-27 16:24:53 [INFO] Using device: mps, AMP enabled: False
2026-04-27 16:24:53 [INFO] Batch size: 128, num_workers: 5
2026-04-27 16:24:53 [INFO] ========================================
2026-04-27 16:26:51 [INFO] [LMDB] Build done in 118.05s
2026-04-27 16:26:51 [INFO] [CNN] Using LMDB dataset: /Volumes/JIAYI/ImageFocusDetection/data/samples_labels/patches_ps32.lmdb
2026-04-27 16:26:51 [INFO] [CNN] Weighted sampler disabled.
2026-04-27 16:26:51 [INFO] [CNN] Class counts: [578212, 59941]
2026-04-27 16:26:51 [INFO] [CNN] Class weights: [0.551800012588501, 5.323200225830078]
2026-04-27 16:27:17 [INFO] Epoch 1/10, Loss: 553.4204
2026-04-27 16:27:41 [INFO] Epoch 2/10, Loss: 331.0824
2026-04-27 16:28:04 [INFO] Epoch 3/10, Loss: 280.5711
2026-04-27 16:28:27 [INFO] Epoch 4/10, Loss: 249.7161
2026-04-27 16:28:51 [INFO] Epoch 5/10, Loss: 242.7907
2026-04-27 16:29:14 [INFO] Epoch 6/10, Loss: 229.7404
2026-04-27 16:29:38 [INFO] Epoch 7/10, Loss: 219.7448
2026-04-27 16:30:01 [INFO] Epoch 8/10, Loss: 207.7128
2026-04-27 16:30:24 [INFO] Epoch 9/10, Loss: 203.9472
2026-04-27 16:30:47 [INFO] Epoch 10/10, Loss: 197.3924
2026-04-27 16:30:47 [INFO] [CNN] Training time: 235.81 seconds
2026-04-27 16:30:47 [INFO] 

2026-04-27 16:30:47 [INFO] === Step 3: Evaluate ===
2026-04-27 16:31:32 [INFO] [CNN] Using class1_threshold=0.5000 for binary prediction.
2026-04-27 16:31:45 [INFO] ========== CNN ==========
2026-04-27 16:31:45 [INFO] Accuracy: 0.9654
2026-04-27 16:31:45 [INFO] Classification Report:
2026-04-27 16:31:45 [INFO] 
               precision    recall  f1-score   support

           0       0.96      1.00      0.98    121405
           1       1.00      0.68      0.81     14665

    accuracy                           0.97    136070
   macro avg       0.98      0.84      0.89    136070
weighted avg       0.97      0.97      0.96    136070

2026-04-27 16:31:45 [INFO] Confusion Matrix:
2026-04-27 16:31:45 [INFO] 
 [[121370     35]
 [  4679   9986]]
2026-04-27 16:31:55 [INFO] [CNN] Evaluate overlays saved under: /Volumes/JIAYI/ImageFocusDetection/logs/_evaluate_cache
2026-04-27 16:31:55 [INFO] === Run 2/5 | models.cnn.epochs=20 ===
2026-04-27 16:31:55 [INFO] Evaluate output tag: CNN_epochs_20
2026-04-27 16:31:55 [INFO] Enabled models: cnn
2026-04-27 16:31:55 [INFO] === Step 2: Training ===
2026-04-27 16:32:07 [INFO] [CNN] Detected classes: [0, 1], num_classes=2
2026-04-27 16:32:07 [INFO] ==== Device & Training Configuration ====
2026-04-27 16:32:07 [INFO] MPS Device detected
2026-04-27 16:32:07 [INFO] Using device: mps, AMP enabled: False
2026-04-27 16:32:07 [INFO] Batch size: 128, num_workers: 5
2026-04-27 16:32:07 [INFO] ========================================
2026-04-27 16:32:07 [INFO] [LMDB] Removed existing cache: /Volumes/JIAYI/ImageFocusDetection/data/samples_labels/patches_ps32.lmdb
2026-04-27 16:32:07 [INFO] [LMDB] Removed existing lock: /Volumes/JIAYI/ImageFocusDetection/data/samples_labels/patches_ps32.lmdb-lock
2026-04-27 16:33:34 [INFO] [LMDB] Build done in 86.57s
2026-04-27 16:33:34 [INFO] [CNN] Using LMDB dataset: /Volumes/JIAYI/ImageFocusDetection/data/samples_labels/patches_ps32.lmdb
2026-04-27 16:33:34 [INFO] [CNN] Weighted sampler disabled.
2026-04-27 16:33:34 [INFO] [CNN] Class counts: [578212, 59941]
2026-04-27 16:33:34 [INFO] [CNN] Class weights: [0.551800012588501, 5.323200225830078]
2026-04-27 16:34:00 [INFO] Epoch 1/20, Loss: 553.4204
2026-04-27 16:34:23 [INFO] Epoch 2/20, Loss: 331.0824
2026-04-27 16:34:46 [INFO] Epoch 3/20, Loss: 280.5711
2026-04-27 16:35:10 [INFO] Epoch 4/20, Loss: 249.7161
2026-04-27 16:35:33 [INFO] Epoch 5/20, Loss: 242.7907
2026-04-27 16:35:56 [INFO] Epoch 6/20, Loss: 229.7404
2026-04-27 16:36:20 [INFO] Epoch 7/20, Loss: 219.7448
2026-04-27 16:36:43 [INFO] Epoch 8/20, Loss: 207.7128
2026-04-27 16:37:06 [INFO] Epoch 9/20, Loss: 203.9472
2026-04-27 16:37:30 [INFO] Epoch 10/20, Loss: 197.3924
2026-04-27 16:37:53 [INFO] Epoch 11/20, Loss: 200.6698
2026-04-27 16:38:16 [INFO] Epoch 12/20, Loss: 194.3645
2026-04-27 16:38:39 [INFO] Epoch 13/20, Loss: 187.4326
2026-04-27 16:39:03 [INFO] Epoch 14/20, Loss: 183.5730
2026-04-27 16:39:26 [INFO] Epoch 15/20, Loss: 181.9798
2026-04-27 16:39:49 [INFO] Epoch 16/20, Loss: 179.3221
2026-04-27 16:40:13 [INFO] Epoch 17/20, Loss: 176.4662
2026-04-27 16:40:36 [INFO] Epoch 18/20, Loss: 176.3765
2026-04-27 16:40:59 [INFO] Epoch 19/20, Loss: 173.8947
2026-04-27 16:41:23 [INFO] Epoch 20/20, Loss: 174.0933
2026-04-27 16:41:23 [INFO] [CNN] Training time: 468.89 seconds
2026-04-27 16:41:23 [INFO] 

2026-04-27 16:41:23 [INFO] === Step 3: Evaluate ===
2026-04-27 16:42:06 [INFO] [CNN] Using class1_threshold=0.5000 for binary prediction.
2026-04-27 16:42:30 [INFO] ========== CNN ==========
2026-04-27 16:42:30 [INFO] Accuracy: 0.9686
2026-04-27 16:42:30 [INFO] Classification Report:
2026-04-27 16:42:31 [INFO] 
               precision    recall  f1-score   support

           0       0.97      1.00      0.98    121405
           1       1.00      0.71      0.83     14665

    accuracy                           0.97    136070
   macro avg       0.98      0.86      0.91    136070
weighted avg       0.97      0.97      0.97    136070

2026-04-27 16:42:31 [INFO] Confusion Matrix:
2026-04-27 16:42:31 [INFO] 
 [[121363     42]
 [  4231  10434]]
2026-04-27 16:42:41 [INFO] [CNN] Evaluate overlays saved under: /Volumes/JIAYI/ImageFocusDetection/logs/_evaluate_cache
2026-04-27 16:42:41 [INFO] === Run 3/5 | models.cnn.epochs=30 ===
2026-04-27 16:42:41 [INFO] Evaluate output tag: CNN_epochs_30
2026-04-27 16:42:41 [INFO] Enabled models: cnn
2026-04-27 16:42:41 [INFO] === Step 2: Training ===
2026-04-27 16:42:54 [INFO] [CNN] Detected classes: [0, 1], num_classes=2
2026-04-27 16:42:54 [INFO] ==== Device & Training Configuration ====
2026-04-27 16:42:54 [INFO] MPS Device detected
2026-04-27 16:42:54 [INFO] Using device: mps, AMP enabled: False
2026-04-27 16:42:54 [INFO] Batch size: 128, num_workers: 5
2026-04-27 16:42:54 [INFO] ========================================
2026-04-27 16:42:54 [INFO] [LMDB] Removed existing cache: /Volumes/JIAYI/ImageFocusDetection/data/samples_labels/patches_ps32.lmdb
2026-04-27 16:42:54 [INFO] [LMDB] Removed existing lock: /Volumes/JIAYI/ImageFocusDetection/data/samples_labels/patches_ps32.lmdb-lock
2026-04-27 16:44:38 [INFO] [LMDB] Build done in 103.56s
2026-04-27 16:44:38 [INFO] [CNN] Using LMDB dataset: /Volumes/JIAYI/ImageFocusDetection/data/samples_labels/patches_ps32.lmdb
2026-04-27 16:44:38 [INFO] [CNN] Weighted sampler disabled.
2026-04-27 16:44:38 [INFO] [CNN] Class counts: [578212, 59941]
2026-04-27 16:44:38 [INFO] [CNN] Class weights: [0.551800012588501, 5.323200225830078]
2026-04-27 16:45:04 [INFO] Epoch 1/30, Loss: 553.4204
2026-04-27 16:45:27 [INFO] Epoch 2/30, Loss: 331.0824
2026-04-27 16:45:50 [INFO] Epoch 3/30, Loss: 280.5711
2026-04-27 16:46:12 [INFO] Epoch 4/30, Loss: 249.7161
2026-04-27 16:46:35 [INFO] Epoch 5/30, Loss: 242.7907
2026-04-27 16:46:59 [INFO] Epoch 6/30, Loss: 229.7404
2026-04-27 16:47:22 [INFO] Epoch 7/30, Loss: 219.7448
2026-04-27 16:47:45 [INFO] Epoch 8/30, Loss: 207.7128
2026-04-27 16:48:07 [INFO] Epoch 9/30, Loss: 203.9472
2026-04-27 16:48:30 [INFO] Epoch 10/30, Loss: 197.3924
2026-04-27 16:48:53 [INFO] Epoch 11/30, Loss: 200.6698
2026-04-27 16:49:15 [INFO] Epoch 12/30, Loss: 194.3645
2026-04-27 16:49:38 [INFO] Epoch 13/30, Loss: 187.4326
2026-04-27 16:50:01 [INFO] Epoch 14/30, Loss: 183.5730
2026-04-27 16:50:24 [INFO] Epoch 15/30, Loss: 181.9798
2026-04-27 16:50:46 [INFO] Epoch 16/30, Loss: 179.3221
2026-04-27 16:51:09 [INFO] Epoch 17/30, Loss: 176.4662
2026-04-27 16:51:32 [INFO] Epoch 18/30, Loss: 176.3765
2026-04-27 16:51:54 [INFO] Epoch 19/30, Loss: 173.8947
2026-04-27 16:52:17 [INFO] Epoch 20/30, Loss: 174.0933
2026-04-27 16:52:40 [INFO] Epoch 21/30, Loss: 173.3074
2026-04-27 16:53:03 [INFO] Epoch 22/30, Loss: 170.4865
2026-04-27 16:53:25 [INFO] Epoch 23/30, Loss: 169.3056
2026-04-27 16:53:48 [INFO] Epoch 24/30, Loss: 167.1511
2026-04-27 16:54:11 [INFO] Epoch 25/30, Loss: 167.7817
2026-04-27 16:54:34 [INFO] Epoch 26/30, Loss: 164.1624
2026-04-27 16:54:56 [INFO] Epoch 27/30, Loss: 165.3838
2026-04-27 16:55:19 [INFO] Epoch 28/30, Loss: 164.8317
2026-04-27 16:55:42 [INFO] Epoch 29/30, Loss: 164.4425
2026-04-27 16:56:04 [INFO] Epoch 30/30, Loss: 162.9519
2026-04-27 16:56:04 [INFO] [CNN] Training time: 686.42 seconds
2026-04-27 16:56:04 [INFO] 

2026-04-27 16:56:04 [INFO] === Step 3: Evaluate ===
2026-04-27 16:57:29 [INFO] [CNN] Using class1_threshold=0.5000 for binary prediction.
2026-04-27 16:58:03 [INFO] ========== CNN ==========
2026-04-27 16:58:03 [INFO] Accuracy: 0.9709
2026-04-27 16:58:03 [INFO] Classification Report:
2026-04-27 16:58:03 [INFO] 
               precision    recall  f1-score   support

           0       0.97      1.00      0.98    121405
           1       0.99      0.73      0.84     14665

    accuracy                           0.97    136070
   macro avg       0.98      0.87      0.91    136070
weighted avg       0.97      0.97      0.97    136070

2026-04-27 16:58:03 [INFO] Confusion Matrix:
2026-04-27 16:58:03 [INFO] 
 [[121343     62]
 [  3904  10761]]
2026-04-27 16:58:13 [INFO] [CNN] Evaluate overlays saved under: /Volumes/JIAYI/ImageFocusDetection/logs/_evaluate_cache
2026-04-27 16:58:13 [INFO] === Run 4/5 | models.cnn.epochs=50 ===
2026-04-27 16:58:13 [INFO] Evaluate output tag: CNN_epochs_50
2026-04-27 16:58:13 [INFO] Enabled models: cnn
2026-04-27 16:58:13 [INFO] === Step 2: Training ===
2026-04-27 16:58:25 [INFO] [CNN] Detected classes: [0, 1], num_classes=2
2026-04-27 16:58:25 [INFO] ==== Device & Training Configuration ====
2026-04-27 16:58:25 [INFO] MPS Device detected
2026-04-27 16:58:25 [INFO] Using device: mps, AMP enabled: False
2026-04-27 16:58:25 [INFO] Batch size: 128, num_workers: 5
2026-04-27 16:58:25 [INFO] ========================================
2026-04-27 16:58:25 [INFO] [LMDB] Removed existing cache: /Volumes/JIAYI/ImageFocusDetection/data/samples_labels/patches_ps32.lmdb
2026-04-27 16:58:25 [INFO] [LMDB] Removed existing lock: /Volumes/JIAYI/ImageFocusDetection/data/samples_labels/patches_ps32.lmdb-lock
2026-04-27 17:01:10 [INFO] [LMDB] Build done in 164.64s
2026-04-27 17:01:10 [INFO] [CNN] Using LMDB dataset: /Volumes/JIAYI/ImageFocusDetection/data/samples_labels/patches_ps32.lmdb
2026-04-27 17:01:10 [INFO] [CNN] Weighted sampler disabled.
2026-04-27 17:01:10 [INFO] [CNN] Class counts: [578212, 59941]
2026-04-27 17:01:10 [INFO] [CNN] Class weights: [0.551800012588501, 5.323200225830078]
2026-04-27 17:01:35 [INFO] Epoch 1/50, Loss: 553.4204
2026-04-27 17:01:58 [INFO] Epoch 2/50, Loss: 331.0824
2026-04-27 17:02:21 [INFO] Epoch 3/50, Loss: 280.5711
2026-04-27 17:02:43 [INFO] Epoch 4/50, Loss: 249.7161
2026-04-27 17:03:06 [INFO] Epoch 5/50, Loss: 242.7907
2026-04-27 17:03:29 [INFO] Epoch 6/50, Loss: 229.7404
2026-04-27 17:03:52 [INFO] Epoch 7/50, Loss: 219.7448
2026-04-27 17:04:15 [INFO] Epoch 8/50, Loss: 207.7128
2026-04-27 17:04:37 [INFO] Epoch 9/50, Loss: 203.9472
2026-04-27 17:05:00 [INFO] Epoch 10/50, Loss: 197.3924
2026-04-27 17:05:23 [INFO] Epoch 11/50, Loss: 200.6698
2026-04-27 17:05:46 [INFO] Epoch 12/50, Loss: 194.3645
2026-04-27 17:06:08 [INFO] Epoch 13/50, Loss: 187.4326
2026-04-27 17:06:31 [INFO] Epoch 14/50, Loss: 183.5730
2026-04-27 17:06:54 [INFO] Epoch 15/50, Loss: 181.9798
2026-04-27 17:07:17 [INFO] Epoch 16/50, Loss: 179.3221
2026-04-27 17:07:39 [INFO] Epoch 17/50, Loss: 176.4662
2026-04-27 17:08:02 [INFO] Epoch 18/50, Loss: 176.3765
2026-04-27 17:08:25 [INFO] Epoch 19/50, Loss: 173.8947
2026-04-27 17:08:48 [INFO] Epoch 20/50, Loss: 174.0933
2026-04-27 17:09:10 [INFO] Epoch 21/50, Loss: 173.3074
2026-04-27 17:09:33 [INFO] Epoch 22/50, Loss: 170.4865
2026-04-27 17:09:56 [INFO] Epoch 23/50, Loss: 169.3056
2026-04-27 17:10:19 [INFO] Epoch 24/50, Loss: 167.1511
2026-04-27 17:10:42 [INFO] Epoch 25/50, Loss: 167.7817
2026-04-27 17:11:04 [INFO] Epoch 26/50, Loss: 164.1624
2026-04-27 17:11:27 [INFO] Epoch 27/50, Loss: 165.3838
2026-04-27 17:11:50 [INFO] Epoch 28/50, Loss: 164.8317
2026-04-27 17:12:12 [INFO] Epoch 29/50, Loss: 164.4425
2026-04-27 17:12:35 [INFO] Epoch 30/50, Loss: 162.9519
2026-04-27 17:12:58 [INFO] Epoch 31/50, Loss: 163.9697
2026-04-27 17:13:21 [INFO] Epoch 32/50, Loss: 161.3177
2026-04-27 17:13:43 [INFO] Epoch 33/50, Loss: 160.9952
2026-04-27 17:14:06 [INFO] Epoch 34/50, Loss: 160.8885
2026-04-27 17:14:29 [INFO] Epoch 35/50, Loss: 157.0630
2026-04-27 17:14:52 [INFO] Epoch 36/50, Loss: 159.0398
2026-04-27 17:15:15 [INFO] Epoch 37/50, Loss: 160.1669
2026-04-27 17:15:37 [INFO] Epoch 38/50, Loss: 158.0138
2026-04-27 17:16:00 [INFO] Epoch 39/50, Loss: 158.2449
2026-04-27 17:16:23 [INFO] Epoch 40/50, Loss: 155.5319
2026-04-27 17:16:46 [INFO] Epoch 41/50, Loss: 156.7408
2026-04-27 17:17:08 [INFO] Epoch 42/50, Loss: 155.1970
2026-04-27 17:17:31 [INFO] Epoch 43/50, Loss: 159.9417
2026-04-27 17:17:54 [INFO] Epoch 44/50, Loss: 157.1226
2026-04-27 17:18:17 [INFO] Epoch 45/50, Loss: 154.7428
2026-04-27 17:18:40 [INFO] Epoch 46/50, Loss: 155.2176
2026-04-27 17:19:02 [INFO] Epoch 47/50, Loss: 152.9188
2026-04-27 17:19:25 [INFO] Epoch 48/50, Loss: 153.9590
2026-04-27 17:19:48 [INFO] Epoch 49/50, Loss: 154.4249
2026-04-27 17:20:11 [INFO] Epoch 50/50, Loss: 153.2134
2026-04-27 17:20:11 [INFO] [CNN] Training time: 1140.89 seconds
2026-04-27 17:20:11 [INFO] 

2026-04-27 17:20:11 [INFO] === Step 3: Evaluate ===
2026-04-27 17:21:35 [INFO] [CNN] Using class1_threshold=0.5000 for binary prediction.
2026-04-27 17:22:08 [INFO] ========== CNN ==========
2026-04-27 17:22:08 [INFO] Accuracy: 0.9648
2026-04-27 17:22:08 [INFO] Classification Report:
2026-04-27 17:22:08 [INFO] 
               precision    recall  f1-score   support

           0       0.96      1.00      0.98    121405
           1       1.00      0.67      0.81     14665

    accuracy                           0.96    136070
   macro avg       0.98      0.84      0.89    136070
weighted avg       0.97      0.96      0.96    136070

2026-04-27 17:22:08 [INFO] Confusion Matrix:
2026-04-27 17:22:08 [INFO] 
 [[121390     15]
 [  4770   9895]]
2026-04-27 17:22:18 [INFO] [CNN] Evaluate overlays saved under: /Volumes/JIAYI/ImageFocusDetection/logs/_evaluate_cache
2026-04-27 17:22:18 [INFO] === Run 5/5 | models.cnn.epochs=60 ===
2026-04-27 17:22:18 [INFO] Evaluate output tag: CNN_epochs_60
2026-04-27 17:22:18 [INFO] Enabled models: cnn
2026-04-27 17:22:18 [INFO] === Step 2: Training ===
2026-04-27 17:22:31 [INFO] [CNN] Detected classes: [0, 1], num_classes=2
2026-04-27 17:22:31 [INFO] ==== Device & Training Configuration ====
2026-04-27 17:22:31 [INFO] MPS Device detected
2026-04-27 17:22:31 [INFO] Using device: mps, AMP enabled: False
2026-04-27 17:22:31 [INFO] Batch size: 128, num_workers: 5
2026-04-27 17:22:31 [INFO] ========================================
2026-04-27 17:22:31 [INFO] [LMDB] Removed existing cache: /Volumes/JIAYI/ImageFocusDetection/data/samples_labels/patches_ps32.lmdb
2026-04-27 17:22:31 [INFO] [LMDB] Removed existing lock: /Volumes/JIAYI/ImageFocusDetection/data/samples_labels/patches_ps32.lmdb-lock
2026-04-27 17:25:09 [INFO] [LMDB] Build done in 158.44s
2026-04-27 17:25:09 [INFO] [CNN] Using LMDB dataset: /Volumes/JIAYI/ImageFocusDetection/data/samples_labels/patches_ps32.lmdb
2026-04-27 17:25:09 [INFO] [CNN] Weighted sampler disabled.
2026-04-27 17:25:09 [INFO] [CNN] Class counts: [578212, 59941]
2026-04-27 17:25:09 [INFO] [CNN] Class weights: [0.551800012588501, 5.323200225830078]
2026-04-27 17:25:35 [INFO] Epoch 1/60, Loss: 553.4204
2026-04-27 17:25:57 [INFO] Epoch 2/60, Loss: 331.0824
2026-04-27 17:26:20 [INFO] Epoch 3/60, Loss: 280.5711
2026-04-27 17:26:43 [INFO] Epoch 4/60, Loss: 249.7161
2026-04-27 17:27:05 [INFO] Epoch 5/60, Loss: 242.7907
2026-04-27 17:27:28 [INFO] Epoch 6/60, Loss: 229.7404
2026-04-27 17:27:51 [INFO] Epoch 7/60, Loss: 219.7448
2026-04-27 17:28:14 [INFO] Epoch 8/60, Loss: 207.7128
2026-04-27 17:28:36 [INFO] Epoch 9/60, Loss: 203.9472
2026-04-27 17:28:59 [INFO] Epoch 10/60, Loss: 197.3924
2026-04-27 17:29:22 [INFO] Epoch 11/60, Loss: 200.6698
2026-04-27 17:29:45 [INFO] Epoch 12/60, Loss: 194.3645
2026-04-27 17:30:07 [INFO] Epoch 13/60, Loss: 187.4326
2026-04-27 17:30:30 [INFO] Epoch 14/60, Loss: 183.5730
2026-04-27 17:30:53 [INFO] Epoch 15/60, Loss: 181.9798
2026-04-27 17:31:16 [INFO] Epoch 16/60, Loss: 179.3221
2026-04-27 17:31:38 [INFO] Epoch 17/60, Loss: 176.4662
2026-04-27 17:32:01 [INFO] Epoch 18/60, Loss: 176.3765
2026-04-27 17:32:24 [INFO] Epoch 19/60, Loss: 173.8947
2026-04-27 17:32:47 [INFO] Epoch 20/60, Loss: 174.0933
2026-04-27 17:33:09 [INFO] Epoch 21/60, Loss: 173.3074
2026-04-27 17:33:32 [INFO] Epoch 22/60, Loss: 170.4865
2026-04-27 17:33:55 [INFO] Epoch 23/60, Loss: 169.3056
2026-04-27 17:34:18 [INFO] Epoch 24/60, Loss: 167.1511
2026-04-27 17:34:40 [INFO] Epoch 25/60, Loss: 167.7817
2026-04-27 17:35:03 [INFO] Epoch 26/60, Loss: 164.1624
2026-04-27 17:35:26 [INFO] Epoch 27/60, Loss: 165.3838
2026-04-27 17:35:48 [INFO] Epoch 28/60, Loss: 164.8317
2026-04-27 17:36:11 [INFO] Epoch 29/60, Loss: 164.4425
2026-04-27 17:36:34 [INFO] Epoch 30/60, Loss: 162.9519
2026-04-27 17:36:57 [INFO] Epoch 31/60, Loss: 163.9697
2026-04-27 17:37:19 [INFO] Epoch 32/60, Loss: 161.3177
2026-04-27 17:37:42 [INFO] Epoch 33/60, Loss: 160.9952
2026-04-27 17:38:05 [INFO] Epoch 34/60, Loss: 160.8885
2026-04-27 17:38:28 [INFO] Epoch 35/60, Loss: 157.0630
2026-04-27 17:38:50 [INFO] Epoch 36/60, Loss: 159.0398
2026-04-27 17:39:13 [INFO] Epoch 37/60, Loss: 160.1669
2026-04-27 17:39:36 [INFO] Epoch 38/60, Loss: 158.0138
2026-04-27 17:39:59 [INFO] Epoch 39/60, Loss: 158.2449
2026-04-27 17:40:21 [INFO] Epoch 40/60, Loss: 155.5319
2026-04-27 17:40:44 [INFO] Epoch 41/60, Loss: 156.7408
2026-04-27 17:41:07 [INFO] Epoch 42/60, Loss: 155.1970
2026-04-27 17:41:30 [INFO] Epoch 43/60, Loss: 159.9417
2026-04-27 17:41:52 [INFO] Epoch 44/60, Loss: 157.1226
2026-04-27 17:42:15 [INFO] Epoch 45/60, Loss: 154.7428
2026-04-27 17:42:38 [INFO] Epoch 46/60, Loss: 155.2176
2026-04-27 17:43:00 [INFO] Epoch 47/60, Loss: 152.9188
2026-04-27 17:43:23 [INFO] Epoch 48/60, Loss: 153.9590
2026-04-27 17:43:46 [INFO] Epoch 49/60, Loss: 154.4249
2026-04-27 17:44:09 [INFO] Epoch 50/60, Loss: 153.2134
2026-04-27 17:44:31 [INFO] Epoch 51/60, Loss: 152.0131
2026-04-27 17:44:54 [INFO] Epoch 52/60, Loss: 151.1260
2026-04-27 17:45:16 [INFO] Epoch 53/60, Loss: 153.6116
2026-04-27 17:45:39 [INFO] Epoch 54/60, Loss: 150.8564
2026-04-27 17:46:02 [INFO] Epoch 55/60, Loss: 152.9005
2026-04-27 17:46:25 [INFO] Epoch 56/60, Loss: 149.6923
2026-04-27 17:46:48 [INFO] Epoch 57/60, Loss: 151.7899
2026-04-27 17:47:10 [INFO] Epoch 58/60, Loss: 146.9239
2026-04-27 17:47:33 [INFO] Epoch 59/60, Loss: 148.0501
2026-04-27 17:47:56 [INFO] Epoch 60/60, Loss: 147.8656
2026-04-27 17:47:56 [INFO] [CNN] Training time: 1366.49 seconds
2026-04-27 17:47:56 [INFO] 

2026-04-27 17:47:56 [INFO] === Step 3: Evaluate ===
2026-04-27 17:48:52 [INFO] [CNN] Using class1_threshold=0.5000 for binary prediction.
2026-04-27 17:49:25 [INFO] ========== CNN ==========
2026-04-27 17:49:25 [INFO] Accuracy: 0.9695
2026-04-27 17:49:25 [INFO] Classification Report:
2026-04-27 17:49:25 [INFO] 
               precision    recall  f1-score   support

           0       0.97      1.00      0.98    121405
           1       1.00      0.72      0.84     14665

    accuracy                           0.97    136070
   macro avg       0.98      0.86      0.91    136070
weighted avg       0.97      0.97      0.97    136070

2026-04-27 17:49:25 [INFO] Confusion Matrix:
2026-04-27 17:49:25 [INFO] 
 [[121373     32]
 [  4124  10541]]
2026-04-27 17:49:35 [INFO] [CNN] Evaluate overlays saved under: /Volumes/JIAYI/ImageFocusDetection/logs/_evaluate_cache
2026-04-27 17:49:35 [INFO] Packaged outputs: /Volumes/JIAYI/ImageFocusDetection/logs/CNN_epochs_2026_0427_162441
2026-04-27 17:49:37 [INFO] Collected 370 predict image folder(s) to: /Volumes/JIAYI/ImageFocusDetection/logs/CNN_epochs_2026_0427_162441/predict_images
2026-04-27 17:49:38 [INFO] Generated plots: 8
