2026-04-27 19:28:33 [INFO] experiment_cfg = {'training': {'patch_size': 32, 'sharp_threshold': 0.75, 'blur_threshold': 0.4, 'PCA_components': 0.995, 'sample_percentage': [20, 40, 60, 80, 100]}, 'models': {'decision_tree': {'max_depth': 16, 'min_samples_split': 50, 'min_samples_leaf': 20, 'class_weight': 'balanced', 'random_state': 42}, 'random_forest': {'n_estimators': 100, 'max_depth': 16, 'random_state': 42, 'class_weight': 'balanced_subsample', 'n_jobs': -1}, 'svm': {'nystroem_components': 300, 'nystroem_kernel': 'rbf', 'nystroem_gamma': None, 'random_state': 42, 'svc_c': 1.0, 'class_weight': 'balanced', 'max_iter': 5000}, 'cnn': {'epochs': 30, 'batch_base': 128, 'seed': 42, 'learning_rate': 0.001, 'use_weighted_sampler': False, 'sampler_weight_power': 1.0, 'loss_weight_power': 1.0, 'build_lmdb_if_missing': True, 'assume_fixed_size': True}}}
2026-04-27 19:28:33 [INFO] control_cfg = {'pipeline': {'preprocess': 1, 'train_evaluate': 1}, 'models': {'decision_tree': 1, 'random_forest': 1, 'svm': 1, 'cnn': 1}}
2026-04-27 19:28:33 [INFO] 

2026-04-27 19:28:33 [INFO] Sweep target: training.sample_percentage -> [20, 40, 60, 80, 100]
2026-04-27 19:28:33 [INFO] === Step 1: Preprocessing (Run Once) ===
2026-04-27 19:37:43 [INFO] Preprocessing total time: 550.00s
2026-04-27 19:37:43 [INFO] === Mode: Train + Evaluate ===
2026-04-27 19:37:43 [INFO] === Run 1/5 | training.sample_percentage=20 ===
2026-04-27 19:37:43 [INFO] Evaluate output tag: TR_sample_percentage_20
2026-04-27 19:37:43 [INFO] Enabled models: decision_tree, random_forest, svm, cnn
2026-04-27 19:37:43 [INFO] === Step 2: Training ===
2026-04-27 19:37:46 [INFO] [Decision Tree] Detected classes: [0, 1, 2]
2026-04-27 19:37:46 [INFO] [Decision Tree] Using 5 CPU cores for image loading.
2026-04-27 19:37:54 [INFO] [Decision Tree] Image loading done, time: 8.04s
2026-04-27 19:37:54 [INFO] [Decision Tree] X shape before PCA: (127631, 1024)
2026-04-27 19:37:59 [INFO] [Decision Tree] PCA preprocessing done, time: 5.69s
2026-04-27 19:37:59 [INFO] [Decision Tree] X shape after PCA: (127631, 107)
2026-04-27 19:38:00 [INFO] final_model_params = {'max_depth': 16, 'min_samples_split': 50, 'min_samples_leaf': 20, 'class_weight': 'balanced', 'random_state': 42}
2026-04-27 19:38:16 [INFO] [Decision Tree] Training done, time: 16.89s
2026-04-27 19:38:16 [INFO] 

2026-04-27 19:38:16 [INFO] [Random Forest] Detected classes: [0, 1, 2]
2026-04-27 19:38:16 [INFO] [Random Forest] Using 5 CPU cores for image loading.
2026-04-27 19:38:19 [INFO] [Random Forest] Image loading done, time: 2.10s
2026-04-27 19:38:19 [INFO] [Random Forest] X shape before PCA: (127631, 1024)
2026-04-27 19:38:24 [INFO] [Random Forest] PCA preprocessing done, time: 5.44s
2026-04-27 19:38:24 [INFO] [Random Forest] X shape after PCA: (127631, 107)
2026-04-27 19:38:24 [INFO] final_model_params = {'n_estimators': 100, 'max_depth': 16, 'random_state': 42, 'class_weight': 'balanced_subsample', 'n_jobs': -1}
2026-04-27 19:38:43 [INFO] [Random Forest] Training done, time: 18.55s
2026-04-27 19:38:43 [INFO] 

2026-04-27 19:38:43 [INFO] [SVM] Detected classes: [0, 1, 2]
2026-04-27 19:38:43 [INFO] [SVM] Using 5 CPU cores for image loading.
2026-04-27 19:38:45 [INFO] [SVM] Image loading done, time: 2.09s
2026-04-27 19:38:45 [INFO] [SVM] X shape before PCA: (127631, 1024)
2026-04-27 19:38:50 [INFO] [SVM] PCA preprocessing done, time: 5.69s
2026-04-27 19:38:50 [INFO] [SVM] X shape after PCA: (127631, 107)
2026-04-27 19:38:50 [INFO] final_model_params = {'nystroem_components': 300, 'nystroem_kernel': 'rbf', 'nystroem_gamma': None, 'random_state': 42, 'svc_c': 1.0, 'class_weight': 'balanced', 'max_iter': 5000}
2026-04-27 19:39:05 [INFO] [SVM] Training done, time: 14.52s
2026-04-27 19:39:05 [INFO] 

2026-04-27 19:39:05 [INFO] [CNN] Detected classes: [0, 1, 2], num_classes=3
2026-04-27 19:39:05 [INFO] ==== Device & Training Configuration ====
2026-04-27 19:39:05 [INFO] MPS Device detected
2026-04-27 19:39:05 [INFO] Using device: mps, AMP enabled: False
2026-04-27 19:39:05 [INFO] Batch size: 128, num_workers: 5
2026-04-27 19:39:05 [INFO] ========================================
2026-04-27 19:39:12 [INFO] [LMDB] Build done in 6.73s
2026-04-27 19:39:12 [INFO] [CNN] Using LMDB dataset: /Volumes/JIAYI/ImageFocusDetection/data/samples_labels/patches_ps32.lmdb
2026-04-27 19:39:12 [INFO] [CNN] Weighted sampler disabled.
2026-04-27 19:39:12 [INFO] [CNN] Class counts: [63909, 11896, 51826]
2026-04-27 19:39:12 [INFO] [CNN] Class weights: [0.6657000184059143, 3.5762999057769775, 0.820900022983551]
2026-04-27 19:39:20 [INFO] Epoch 1/30, Loss: 468.1305
2026-04-27 19:39:25 [INFO] Epoch 2/30, Loss: 228.3733
2026-04-27 19:39:29 [INFO] Epoch 3/30, Loss: 191.0680
2026-04-27 19:39:34 [INFO] Epoch 4/30, Loss: 182.8305
2026-04-27 19:39:39 [INFO] Epoch 5/30, Loss: 169.5120
2026-04-27 19:39:43 [INFO] Epoch 6/30, Loss: 168.4530
2026-04-27 19:39:48 [INFO] Epoch 7/30, Loss: 164.3461
2026-04-27 19:39:53 [INFO] Epoch 8/30, Loss: 157.1382
2026-04-27 19:39:57 [INFO] Epoch 9/30, Loss: 156.1012
2026-04-27 19:40:02 [INFO] Epoch 10/30, Loss: 149.4364
2026-04-27 19:40:07 [INFO] Epoch 11/30, Loss: 148.7301
2026-04-27 19:40:11 [INFO] Epoch 12/30, Loss: 142.7303
2026-04-27 19:40:16 [INFO] Epoch 13/30, Loss: 143.2006
2026-04-27 19:40:21 [INFO] Epoch 14/30, Loss: 138.3807
2026-04-27 19:40:26 [INFO] Epoch 15/30, Loss: 139.6209
2026-04-27 19:40:30 [INFO] Epoch 16/30, Loss: 132.1492
2026-04-27 19:40:35 [INFO] Epoch 17/30, Loss: 137.2395
2026-04-27 19:40:40 [INFO] Epoch 18/30, Loss: 131.7772
2026-04-27 19:40:44 [INFO] Epoch 19/30, Loss: 129.8720
2026-04-27 19:40:49 [INFO] Epoch 20/30, Loss: 129.7592
2026-04-27 19:40:54 [INFO] Epoch 21/30, Loss: 124.7031
2026-04-27 19:40:58 [INFO] Epoch 22/30, Loss: 126.6086
2026-04-27 19:41:03 [INFO] Epoch 23/30, Loss: 124.5351
2026-04-27 19:41:08 [INFO] Epoch 24/30, Loss: 123.1301
2026-04-27 19:41:12 [INFO] Epoch 25/30, Loss: 121.5209
2026-04-27 19:41:17 [INFO] Epoch 26/30, Loss: 121.2939
2026-04-27 19:41:22 [INFO] Epoch 27/30, Loss: 119.5388
2026-04-27 19:41:26 [INFO] Epoch 28/30, Loss: 120.7880
2026-04-27 19:41:31 [INFO] Epoch 29/30, Loss: 115.3957
2026-04-27 19:41:36 [INFO] Epoch 30/30, Loss: 118.8188
2026-04-27 19:41:36 [INFO] [CNN] Training time: 143.54 seconds
2026-04-27 19:41:36 [INFO] 

2026-04-27 19:41:36 [INFO] === Step 3: Evaluate ===
2026-04-27 19:42:20 [INFO] ========== Decision Tree ==========
2026-04-27 19:42:20 [INFO] Accuracy: 0.8474
2026-04-27 19:42:20 [INFO] Classification Report:
2026-04-27 19:42:20 [INFO] 
               precision    recall  f1-score   support

           0       0.93      0.91      0.92     65830
           1       0.61      0.84      0.70     14665
           2       0.84      0.77      0.81     55575

    accuracy                           0.85    136070
   macro avg       0.79      0.84      0.81    136070
weighted avg       0.86      0.85      0.85    136070

2026-04-27 19:42:20 [INFO] Confusion Matrix:
2026-04-27 19:42:20 [INFO] 
 [[60080    37  5713]
 [   32 12252  2381]
 [ 4699  7899 42977]]
2026-04-27 19:42:32 [INFO] [Decision Tree] Evaluate overlays saved under: /Volumes/JIAYI/ImageFocusDetection/logs/_evaluate_cache
2026-04-27 19:42:32 [INFO] ========== Random Forest ==========
2026-04-27 19:42:32 [INFO] Accuracy: 0.9078
2026-04-27 19:42:32 [INFO] Classification Report:
2026-04-27 19:42:32 [INFO] 
               precision    recall  f1-score   support

           0       0.97      0.91      0.94     65830
           1       0.85      0.80      0.82     14665
           2       0.86      0.93      0.89     55575

    accuracy                           0.91    136070
   macro avg       0.89      0.88      0.88    136070
weighted avg       0.91      0.91      0.91    136070

2026-04-27 19:42:32 [INFO] Confusion Matrix:
2026-04-27 19:42:32 [INFO] 
 [[60175     0  5655]
 [    0 11687  2978]
 [ 1772  2136 51667]]
2026-04-27 19:42:44 [INFO] [Random Forest] Evaluate overlays saved under: /Volumes/JIAYI/ImageFocusDetection/logs/_evaluate_cache
2026-04-27 19:42:45 [INFO] ========== SVM ==========
2026-04-27 19:42:45 [INFO] Accuracy: 0.9174
2026-04-27 19:42:45 [INFO] Classification Report:
2026-04-27 19:42:45 [INFO] 
               precision    recall  f1-score   support

           0       0.95      0.98      0.96     65830
           1       0.76      0.86      0.81     14665
           2       0.93      0.86      0.89     55575

    accuracy                           0.92    136070
   macro avg       0.88      0.90      0.89    136070
weighted avg       0.92      0.92      0.92    136070

2026-04-27 19:42:45 [INFO] Confusion Matrix:
2026-04-27 19:42:45 [INFO] 
 [[64388     0  1442]
 [    1 12633  2031]
 [ 3691  4068 47816]]
2026-04-27 19:42:56 [INFO] [SVM] Evaluate overlays saved under: /Volumes/JIAYI/ImageFocusDetection/logs/_evaluate_cache
2026-04-27 19:42:56 [INFO] [CNN] Multi-class prediction uses argmax.
2026-04-27 19:43:20 [INFO] ========== CNN ==========
2026-04-27 19:43:20 [INFO] Accuracy: 0.8445
2026-04-27 19:43:20 [INFO] Classification Report:
2026-04-27 19:43:20 [INFO] 
               precision    recall  f1-score   support

           0       0.80      1.00      0.89     65830
           1       1.00      0.70      0.82     14665
           2       0.90      0.70      0.79     55575

    accuracy                           0.84    136070
   macro avg       0.90      0.80      0.83    136070
weighted avg       0.86      0.84      0.84    136070

2026-04-27 19:43:20 [INFO] Confusion Matrix:
2026-04-27 19:43:20 [INFO] 
 [[65794     0    36]
 [    3 10216  4446]
 [16632    41 38902]]
2026-04-27 19:43:32 [INFO] [CNN] Evaluate overlays saved under: /Volumes/JIAYI/ImageFocusDetection/logs/_evaluate_cache
2026-04-27 19:43:32 [INFO] === Run 2/5 | training.sample_percentage=40 ===
2026-04-27 19:43:32 [INFO] Evaluate output tag: TR_sample_percentage_40
2026-04-27 19:43:32 [INFO] Enabled models: decision_tree, random_forest, svm, cnn
2026-04-27 19:43:32 [INFO] === Step 2: Training ===
2026-04-27 19:43:37 [INFO] [Decision Tree] Detected classes: [0, 1, 2]
2026-04-27 19:43:37 [INFO] [Decision Tree] Using 5 CPU cores for image loading.
2026-04-27 19:43:51 [INFO] [Decision Tree] Image loading done, time: 14.30s
2026-04-27 19:43:51 [INFO] [Decision Tree] X shape before PCA: (255261, 1024)
2026-04-27 19:44:04 [INFO] [Decision Tree] PCA preprocessing done, time: 12.17s
2026-04-27 19:44:04 [INFO] [Decision Tree] X shape after PCA: (255261, 108)
2026-04-27 19:44:04 [INFO] final_model_params = {'max_depth': 16, 'min_samples_split': 50, 'min_samples_leaf': 20, 'class_weight': 'balanced', 'random_state': 42}
2026-04-27 19:44:40 [INFO] [Decision Tree] Training done, time: 36.46s
2026-04-27 19:44:40 [INFO] 

2026-04-27 19:44:40 [INFO] [Random Forest] Detected classes: [0, 1, 2]
2026-04-27 19:44:40 [INFO] [Random Forest] Using 5 CPU cores for image loading.
2026-04-27 19:44:54 [INFO] [Random Forest] Image loading done, time: 13.55s
2026-04-27 19:44:54 [INFO] [Random Forest] X shape before PCA: (255261, 1024)
2026-04-27 19:45:05 [INFO] [Random Forest] PCA preprocessing done, time: 10.94s
2026-04-27 19:45:05 [INFO] [Random Forest] X shape after PCA: (255261, 108)
2026-04-27 19:45:05 [INFO] final_model_params = {'n_estimators': 100, 'max_depth': 16, 'random_state': 42, 'class_weight': 'balanced_subsample', 'n_jobs': -1}
2026-04-27 19:45:44 [INFO] [Random Forest] Training done, time: 39.54s
2026-04-27 19:45:44 [INFO] 

2026-04-27 19:45:44 [INFO] [SVM] Detected classes: [0, 1, 2]
2026-04-27 19:45:44 [INFO] [SVM] Using 5 CPU cores for image loading.
2026-04-27 19:45:58 [INFO] [SVM] Image loading done, time: 14.13s
2026-04-27 19:45:58 [INFO] [SVM] X shape before PCA: (255261, 1024)
2026-04-27 19:46:09 [INFO] [SVM] PCA preprocessing done, time: 10.45s
2026-04-27 19:46:09 [INFO] [SVM] X shape after PCA: (255261, 108)
2026-04-27 19:46:09 [INFO] final_model_params = {'nystroem_components': 300, 'nystroem_kernel': 'rbf', 'nystroem_gamma': None, 'random_state': 42, 'svc_c': 1.0, 'class_weight': 'balanced', 'max_iter': 5000}
2026-04-27 19:46:38 [INFO] [SVM] Training done, time: 29.20s
2026-04-27 19:46:38 [INFO] 

2026-04-27 19:46:38 [INFO] [CNN] Detected classes: [0, 1, 2], num_classes=3
2026-04-27 19:46:38 [INFO] ==== Device & Training Configuration ====
2026-04-27 19:46:38 [INFO] MPS Device detected
2026-04-27 19:46:38 [INFO] Using device: mps, AMP enabled: False
2026-04-27 19:46:38 [INFO] Batch size: 128, num_workers: 5
2026-04-27 19:46:38 [INFO] ========================================
2026-04-27 19:46:38 [INFO] [LMDB] Removed existing cache: /Volumes/JIAYI/ImageFocusDetection/data/samples_labels/patches_ps32.lmdb
2026-04-27 19:46:38 [INFO] [LMDB] Removed existing lock: /Volumes/JIAYI/ImageFocusDetection/data/samples_labels/patches_ps32.lmdb-lock
2026-04-27 19:47:40 [INFO] [LMDB] Build done in 62.01s
2026-04-27 19:47:40 [INFO] [CNN] Using LMDB dataset: /Volumes/JIAYI/ImageFocusDetection/data/samples_labels/patches_ps32.lmdb
2026-04-27 19:47:40 [INFO] [CNN] Weighted sampler disabled.
2026-04-27 19:47:40 [INFO] [CNN] Class counts: [128340, 23968, 102953]
2026-04-27 19:47:40 [INFO] [CNN] Class weights: [0.6629999876022339, 3.549999952316284, 0.8264999985694885]
2026-04-27 19:47:52 [INFO] Epoch 1/30, Loss: 714.8509
2026-04-27 19:48:01 [INFO] Epoch 2/30, Loss: 400.2487
2026-04-27 19:48:11 [INFO] Epoch 3/30, Loss: 359.9023
2026-04-27 19:48:20 [INFO] Epoch 4/30, Loss: 341.1074
2026-04-27 19:48:30 [INFO] Epoch 5/30, Loss: 322.9390
2026-04-27 19:48:39 [INFO] Epoch 6/30, Loss: 302.6566
2026-04-27 19:48:48 [INFO] Epoch 7/30, Loss: 296.2351
2026-04-27 19:48:58 [INFO] Epoch 8/30, Loss: 287.3025
2026-04-27 19:49:07 [INFO] Epoch 9/30, Loss: 277.0926
2026-04-27 19:49:16 [INFO] Epoch 10/30, Loss: 272.0603
2026-04-27 19:49:26 [INFO] Epoch 11/30, Loss: 263.8962
2026-04-27 19:49:35 [INFO] Epoch 12/30, Loss: 256.9301
2026-04-27 19:49:44 [INFO] Epoch 13/30, Loss: 252.5849
2026-04-27 19:49:54 [INFO] Epoch 14/30, Loss: 246.5821
2026-04-27 19:50:03 [INFO] Epoch 15/30, Loss: 243.0705
2026-04-27 19:50:12 [INFO] Epoch 16/30, Loss: 244.0142
2026-04-27 19:50:22 [INFO] Epoch 17/30, Loss: 239.1081
2026-04-27 19:50:31 [INFO] Epoch 18/30, Loss: 236.2653
2026-04-27 19:50:41 [INFO] Epoch 19/30, Loss: 232.8426
2026-04-27 19:50:50 [INFO] Epoch 20/30, Loss: 230.5111
2026-04-27 19:50:59 [INFO] Epoch 21/30, Loss: 226.3352
2026-04-27 19:51:09 [INFO] Epoch 22/30, Loss: 226.5903
2026-04-27 19:51:18 [INFO] Epoch 23/30, Loss: 225.7876
2026-04-27 19:51:27 [INFO] Epoch 24/30, Loss: 225.4506
2026-04-27 19:51:37 [INFO] Epoch 25/30, Loss: 221.4542
2026-04-27 19:51:46 [INFO] Epoch 26/30, Loss: 219.7187
2026-04-27 19:51:56 [INFO] Epoch 27/30, Loss: 219.3694
2026-04-27 19:52:05 [INFO] Epoch 28/30, Loss: 218.1675
2026-04-27 19:52:14 [INFO] Epoch 29/30, Loss: 218.8062
2026-04-27 19:52:24 [INFO] Epoch 30/30, Loss: 217.2714
2026-04-27 19:52:24 [INFO] [CNN] Training time: 283.73 seconds
2026-04-27 19:52:24 [INFO] 

2026-04-27 19:52:24 [INFO] === Step 3: Evaluate ===
2026-04-27 19:53:08 [INFO] ========== Decision Tree ==========
2026-04-27 19:53:08 [INFO] Accuracy: 0.8523
2026-04-27 19:53:08 [INFO] Classification Report:
2026-04-27 19:53:08 [INFO] 
               precision    recall  f1-score   support

           0       0.92      0.92      0.92     65830
           1       0.63      0.83      0.71     14665
           2       0.85      0.78      0.81     55575

    accuracy                           0.85    136070
   macro avg       0.80      0.84      0.82    136070
weighted avg       0.86      0.85      0.85    136070

2026-04-27 19:53:08 [INFO] Confusion Matrix:
2026-04-27 19:53:08 [INFO] 
 [[60434    13  5383]
 [   22 12197  2446]
 [ 4962  7276 43337]]
2026-04-27 19:53:20 [INFO] [Decision Tree] Evaluate overlays saved under: /Volumes/JIAYI/ImageFocusDetection/logs/_evaluate_cache
2026-04-27 19:53:21 [INFO] ========== Random Forest ==========
2026-04-27 19:53:21 [INFO] Accuracy: 0.9067
2026-04-27 19:53:21 [INFO] Classification Report:
2026-04-27 19:53:21 [INFO] 
               precision    recall  f1-score   support

           0       0.97      0.91      0.94     65830
           1       0.81      0.85      0.83     14665
           2       0.86      0.91      0.89     55575

    accuracy                           0.91    136070
   macro avg       0.88      0.89      0.89    136070
weighted avg       0.91      0.91      0.91    136070

2026-04-27 19:53:21 [INFO] Confusion Matrix:
2026-04-27 19:53:21 [INFO] 
 [[60023     0  5807]
 [    0 12529  2136]
 [ 1727  3028 50820]]
2026-04-27 19:53:32 [INFO] [Random Forest] Evaluate overlays saved under: /Volumes/JIAYI/ImageFocusDetection/logs/_evaluate_cache
2026-04-27 19:53:33 [INFO] ========== SVM ==========
2026-04-27 19:53:33 [INFO] Accuracy: 0.9188
2026-04-27 19:53:33 [INFO] Classification Report:
2026-04-27 19:53:33 [INFO] 
               precision    recall  f1-score   support

           0       0.95      0.98      0.96     65830
           1       0.76      0.86      0.81     14665
           2       0.93      0.87      0.90     55575

    accuracy                           0.92    136070
   macro avg       0.88      0.90      0.89    136070
weighted avg       0.92      0.92      0.92    136070

2026-04-27 19:53:33 [INFO] Confusion Matrix:
2026-04-27 19:53:33 [INFO] 
 [[64332     0  1498]
 [    0 12611  2054]
 [ 3466  4036 48073]]
2026-04-27 19:53:45 [INFO] [SVM] Evaluate overlays saved under: /Volumes/JIAYI/ImageFocusDetection/logs/_evaluate_cache
2026-04-27 19:53:45 [INFO] [CNN] Multi-class prediction uses argmax.
2026-04-27 19:53:59 [INFO] ========== CNN ==========
2026-04-27 19:53:59 [INFO] Accuracy: 0.8437
2026-04-27 19:53:59 [INFO] Classification Report:
2026-04-27 19:53:59 [INFO] 
               precision    recall  f1-score   support

           0       0.81      1.00      0.89     65830
           1       1.00      0.62      0.77     14665
           2       0.88      0.72      0.79     55575

    accuracy                           0.84    136070
   macro avg       0.89      0.78      0.82    136070
weighted avg       0.86      0.84      0.84    136070

2026-04-27 19:53:59 [INFO] Confusion Matrix:
2026-04-27 19:53:59 [INFO] 
 [[65776     0    54]
 [    3  9093  5569]
 [15635     1 39939]]
2026-04-27 19:54:11 [INFO] [CNN] Evaluate overlays saved under: /Volumes/JIAYI/ImageFocusDetection/logs/_evaluate_cache
2026-04-27 19:54:11 [INFO] === Run 3/5 | training.sample_percentage=60 ===
2026-04-27 19:54:11 [INFO] Evaluate output tag: TR_sample_percentage_60
2026-04-27 19:54:11 [INFO] Enabled models: decision_tree, random_forest, svm, cnn
2026-04-27 19:54:11 [INFO] === Step 2: Training ===
2026-04-27 19:54:18 [INFO] [Decision Tree] Detected classes: [0, 1, 2]
2026-04-27 19:54:18 [INFO] [Decision Tree] Using 5 CPU cores for image loading.
2026-04-27 19:54:41 [INFO] [Decision Tree] Image loading done, time: 22.47s
2026-04-27 19:54:41 [INFO] [Decision Tree] X shape before PCA: (382892, 1024)
2026-04-27 19:54:58 [INFO] [Decision Tree] PCA preprocessing done, time: 17.26s
2026-04-27 19:54:58 [INFO] [Decision Tree] X shape after PCA: (382892, 109)
2026-04-27 19:54:58 [INFO] final_model_params = {'max_depth': 16, 'min_samples_split': 50, 'min_samples_leaf': 20, 'class_weight': 'balanced', 'random_state': 42}
2026-04-27 19:55:56 [INFO] [Decision Tree] Training done, time: 57.69s
2026-04-27 19:55:56 [INFO] 

2026-04-27 19:55:56 [INFO] [Random Forest] Detected classes: [0, 1, 2]
2026-04-27 19:55:56 [INFO] [Random Forest] Using 5 CPU cores for image loading.
2026-04-27 19:56:18 [INFO] [Random Forest] Image loading done, time: 21.82s
2026-04-27 19:56:18 [INFO] [Random Forest] X shape before PCA: (382892, 1024)
2026-04-27 19:56:35 [INFO] [Random Forest] PCA preprocessing done, time: 16.97s
2026-04-27 19:56:35 [INFO] [Random Forest] X shape after PCA: (382892, 109)
2026-04-27 19:56:35 [INFO] final_model_params = {'n_estimators': 100, 'max_depth': 16, 'random_state': 42, 'class_weight': 'balanced_subsample', 'n_jobs': -1}
2026-04-27 19:57:40 [INFO] [Random Forest] Training done, time: 65.72s
2026-04-27 19:57:40 [INFO] 

2026-04-27 19:57:40 [INFO] [SVM] Detected classes: [0, 1, 2]
2026-04-27 19:57:40 [INFO] [SVM] Using 5 CPU cores for image loading.
2026-04-27 19:58:02 [INFO] [SVM] Image loading done, time: 21.97s
2026-04-27 19:58:02 [INFO] [SVM] X shape before PCA: (382892, 1024)
2026-04-27 19:58:19 [INFO] [SVM] PCA preprocessing done, time: 16.91s
2026-04-27 19:58:19 [INFO] [SVM] X shape after PCA: (382892, 109)
2026-04-27 19:58:19 [INFO] final_model_params = {'nystroem_components': 300, 'nystroem_kernel': 'rbf', 'nystroem_gamma': None, 'random_state': 42, 'svc_c': 1.0, 'class_weight': 'balanced', 'max_iter': 5000}
2026-04-27 19:59:13 [INFO] [SVM] Training done, time: 53.38s
2026-04-27 19:59:13 [INFO] 

2026-04-27 19:59:13 [INFO] [CNN] Detected classes: [0, 1, 2], num_classes=3
2026-04-27 19:59:13 [INFO] ==== Device & Training Configuration ====
2026-04-27 19:59:13 [INFO] MPS Device detected
2026-04-27 19:59:13 [INFO] Using device: mps, AMP enabled: False
2026-04-27 19:59:13 [INFO] Batch size: 128, num_workers: 5
2026-04-27 19:59:13 [INFO] ========================================
2026-04-27 19:59:13 [INFO] [LMDB] Removed existing cache: /Volumes/JIAYI/ImageFocusDetection/data/samples_labels/patches_ps32.lmdb
2026-04-27 19:59:13 [INFO] [LMDB] Removed existing lock: /Volumes/JIAYI/ImageFocusDetection/data/samples_labels/patches_ps32.lmdb-lock
2026-04-27 20:00:59 [INFO] [LMDB] Build done in 106.11s
2026-04-27 20:00:59 [INFO] [CNN] Using LMDB dataset: /Volumes/JIAYI/ImageFocusDetection/data/samples_labels/patches_ps32.lmdb
2026-04-27 20:00:59 [INFO] [CNN] Weighted sampler disabled.
2026-04-27 20:00:59 [INFO] [CNN] Class counts: [192286, 36018, 154588]
2026-04-27 20:00:59 [INFO] [CNN] Class weights: [0.6638000011444092, 3.5434999465942383, 0.8256000280380249]
2026-04-27 20:01:16 [INFO] Epoch 1/30, Loss: 899.7327
2026-04-27 20:01:30 [INFO] Epoch 2/30, Loss: 534.5031
2026-04-27 20:01:44 [INFO] Epoch 3/30, Loss: 500.2743
2026-04-27 20:01:58 [INFO] Epoch 4/30, Loss: 465.0785
2026-04-27 20:02:12 [INFO] Epoch 5/30, Loss: 438.1592
2026-04-27 20:02:26 [INFO] Epoch 6/30, Loss: 422.7176
2026-04-27 20:02:40 [INFO] Epoch 7/30, Loss: 405.0026
2026-04-27 20:02:53 [INFO] Epoch 8/30, Loss: 388.5089
2026-04-27 20:03:07 [INFO] Epoch 9/30, Loss: 378.1819
2026-04-27 20:03:21 [INFO] Epoch 10/30, Loss: 369.4079
2026-04-27 20:03:34 [INFO] Epoch 11/30, Loss: 358.7121
2026-04-27 20:03:48 [INFO] Epoch 12/30, Loss: 356.5944
2026-04-27 20:04:02 [INFO] Epoch 13/30, Loss: 350.5014
2026-04-27 20:04:15 [INFO] Epoch 14/30, Loss: 341.6337
2026-04-27 20:04:29 [INFO] Epoch 15/30, Loss: 338.4188
2026-04-27 20:04:43 [INFO] Epoch 16/30, Loss: 340.9983
2026-04-27 20:04:56 [INFO] Epoch 17/30, Loss: 334.5738
2026-04-27 20:05:10 [INFO] Epoch 18/30, Loss: 330.7402
2026-04-27 20:05:24 [INFO] Epoch 19/30, Loss: 327.4118
2026-04-27 20:05:37 [INFO] Epoch 20/30, Loss: 324.4927
2026-04-27 20:05:51 [INFO] Epoch 21/30, Loss: 325.2758
2026-04-27 20:06:05 [INFO] Epoch 22/30, Loss: 321.2928
2026-04-27 20:06:18 [INFO] Epoch 23/30, Loss: 318.6247
2026-04-27 20:06:32 [INFO] Epoch 24/30, Loss: 318.1568
2026-04-27 20:06:46 [INFO] Epoch 25/30, Loss: 317.6618
2026-04-27 20:06:59 [INFO] Epoch 26/30, Loss: 317.1233
2026-04-27 20:07:13 [INFO] Epoch 27/30, Loss: 310.5744
2026-04-27 20:07:27 [INFO] Epoch 28/30, Loss: 309.3677
2026-04-27 20:07:41 [INFO] Epoch 29/30, Loss: 309.3754
2026-04-27 20:07:54 [INFO] Epoch 30/30, Loss: 307.4281
2026-04-27 20:07:54 [INFO] [CNN] Training time: 415.32 seconds
2026-04-27 20:07:54 [INFO] 

2026-04-27 20:07:54 [INFO] === Step 3: Evaluate ===
2026-04-27 20:08:50 [INFO] ========== Decision Tree ==========
2026-04-27 20:08:50 [INFO] Accuracy: 0.8585
2026-04-27 20:08:50 [INFO] Classification Report:
2026-04-27 20:08:50 [INFO] 
               precision    recall  f1-score   support

           0       0.93      0.91      0.92     65830
           1       0.64      0.84      0.73     14665
           2       0.85      0.80      0.82     55575

    accuracy                           0.86    136070
   macro avg       0.81      0.85      0.82    136070
weighted avg       0.87      0.86      0.86    136070

2026-04-27 20:08:50 [INFO] Confusion Matrix:
2026-04-27 20:08:50 [INFO] 
 [[60109     8  5713]
 [   24 12299  2342]
 [ 4346  6816 44413]]
2026-04-27 20:09:02 [INFO] [Decision Tree] Evaluate overlays saved under: /Volumes/JIAYI/ImageFocusDetection/logs/_evaluate_cache
2026-04-27 20:09:02 [INFO] ========== Random Forest ==========
2026-04-27 20:09:02 [INFO] Accuracy: 0.9084
2026-04-27 20:09:02 [INFO] Classification Report:
2026-04-27 20:09:02 [INFO] 
               precision    recall  f1-score   support

           0       0.97      0.91      0.94     65830
           1       0.79      0.88      0.83     14665
           2       0.87      0.91      0.89     55575

    accuracy                           0.91    136070
   macro avg       0.88      0.90      0.89    136070
weighted avg       0.91      0.91      0.91    136070

2026-04-27 20:09:02 [INFO] Confusion Matrix:
2026-04-27 20:09:02 [INFO] 
 [[60174     0  5656]
 [    0 12927  1738]
 [ 1634  3436 50505]]
2026-04-27 20:09:14 [INFO] [Random Forest] Evaluate overlays saved under: /Volumes/JIAYI/ImageFocusDetection/logs/_evaluate_cache
2026-04-27 20:09:15 [INFO] ========== SVM ==========
2026-04-27 20:09:15 [INFO] Accuracy: 0.9206
2026-04-27 20:09:15 [INFO] Classification Report:
2026-04-27 20:09:15 [INFO] 
               precision    recall  f1-score   support

           0       0.95      0.98      0.96     65830
           1       0.76      0.86      0.81     14665
           2       0.93      0.87      0.90     55575

    accuracy                           0.92    136070
   macro avg       0.88      0.90      0.89    136070
weighted avg       0.92      0.92      0.92    136070

2026-04-27 20:09:15 [INFO] Confusion Matrix:
2026-04-27 20:09:15 [INFO] 
 [[64346     0  1484]
 [    2 12587  2076]
 [ 3345  3895 48335]]
2026-04-27 20:09:26 [INFO] [SVM] Evaluate overlays saved under: /Volumes/JIAYI/ImageFocusDetection/logs/_evaluate_cache
2026-04-27 20:09:26 [INFO] [CNN] Multi-class prediction uses argmax.
2026-04-27 20:09:43 [INFO] ========== CNN ==========
2026-04-27 20:09:43 [INFO] Accuracy: 0.8417
2026-04-27 20:09:43 [INFO] Classification Report:
2026-04-27 20:09:43 [INFO] 
               precision    recall  f1-score   support

           0       0.80      1.00      0.89     65830
           1       1.00      0.63      0.77     14665
           2       0.88      0.71      0.79     55575

    accuracy                           0.84    136070
   macro avg       0.89      0.78      0.82    136070
weighted avg       0.86      0.84      0.84    136070

2026-04-27 20:09:43 [INFO] Confusion Matrix:
2026-04-27 20:09:43 [INFO] 
 [[65811     0    19]
 [    7  9269  5389]
 [16119     3 39453]]
2026-04-27 20:09:55 [INFO] [CNN] Evaluate overlays saved under: /Volumes/JIAYI/ImageFocusDetection/logs/_evaluate_cache
2026-04-27 20:09:55 [INFO] === Run 4/5 | training.sample_percentage=80 ===
2026-04-27 20:09:55 [INFO] Evaluate output tag: TR_sample_percentage_80
2026-04-27 20:09:55 [INFO] Enabled models: decision_tree, random_forest, svm, cnn
2026-04-27 20:09:55 [INFO] === Step 2: Training ===
2026-04-27 20:10:05 [INFO] [Decision Tree] Detected classes: [0, 1, 2]
2026-04-27 20:10:05 [INFO] [Decision Tree] Using 5 CPU cores for image loading.
2026-04-27 20:10:54 [INFO] [Decision Tree] Image loading done, time: 49.67s
2026-04-27 20:10:54 [INFO] [Decision Tree] X shape before PCA: (510522, 1024)
2026-04-27 20:11:16 [INFO] [Decision Tree] PCA preprocessing done, time: 21.35s
2026-04-27 20:11:16 [INFO] [Decision Tree] X shape after PCA: (510522, 108)
2026-04-27 20:11:16 [INFO] final_model_params = {'max_depth': 16, 'min_samples_split': 50, 'min_samples_leaf': 20, 'class_weight': 'balanced', 'random_state': 42}
2026-04-27 20:12:33 [INFO] [Decision Tree] Training done, time: 77.41s
2026-04-27 20:12:33 [INFO] 

2026-04-27 20:12:33 [INFO] [Random Forest] Detected classes: [0, 1, 2]
2026-04-27 20:12:33 [INFO] [Random Forest] Using 5 CPU cores for image loading.
2026-04-27 20:13:21 [INFO] [Random Forest] Image loading done, time: 48.01s
2026-04-27 20:13:21 [INFO] [Random Forest] X shape before PCA: (510522, 1024)
2026-04-27 20:13:42 [INFO] [Random Forest] PCA preprocessing done, time: 21.00s
2026-04-27 20:13:42 [INFO] [Random Forest] X shape after PCA: (510522, 108)
2026-04-27 20:13:42 [INFO] final_model_params = {'n_estimators': 100, 'max_depth': 16, 'random_state': 42, 'class_weight': 'balanced_subsample', 'n_jobs': -1}
2026-04-27 20:15:15 [INFO] [Random Forest] Training done, time: 93.13s
2026-04-27 20:15:15 [INFO] 

2026-04-27 20:15:15 [INFO] [SVM] Detected classes: [0, 1, 2]
2026-04-27 20:15:15 [INFO] [SVM] Using 5 CPU cores for image loading.
2026-04-27 20:16:04 [INFO] [SVM] Image loading done, time: 48.41s
2026-04-27 20:16:04 [INFO] [SVM] X shape before PCA: (510522, 1024)
2026-04-27 20:16:25 [INFO] [SVM] PCA preprocessing done, time: 20.81s
2026-04-27 20:16:25 [INFO] [SVM] X shape after PCA: (510522, 108)
2026-04-27 20:16:25 [INFO] final_model_params = {'nystroem_components': 300, 'nystroem_kernel': 'rbf', 'nystroem_gamma': None, 'random_state': 42, 'svc_c': 1.0, 'class_weight': 'balanced', 'max_iter': 5000}
2026-04-27 20:17:39 [INFO] [SVM] Training done, time: 74.62s
2026-04-27 20:17:39 [INFO] 

2026-04-27 20:17:39 [INFO] [CNN] Detected classes: [0, 1, 2], num_classes=3
2026-04-27 20:17:39 [INFO] ==== Device & Training Configuration ====
2026-04-27 20:17:39 [INFO] MPS Device detected
2026-04-27 20:17:39 [INFO] Using device: mps, AMP enabled: False
2026-04-27 20:17:39 [INFO] Batch size: 128, num_workers: 5
2026-04-27 20:17:39 [INFO] ========================================
2026-04-27 20:17:39 [INFO] [LMDB] Removed existing cache: /Volumes/JIAYI/ImageFocusDetection/data/samples_labels/patches_ps32.lmdb
2026-04-27 20:17:39 [INFO] [LMDB] Removed existing lock: /Volumes/JIAYI/ImageFocusDetection/data/samples_labels/patches_ps32.lmdb-lock
2026-04-27 20:21:11 [INFO] [LMDB] Build done in 211.50s
2026-04-27 20:21:11 [INFO] [CNN] Using LMDB dataset: /Volumes/JIAYI/ImageFocusDetection/data/samples_labels/patches_ps32.lmdb
2026-04-27 20:21:11 [INFO] [CNN] Weighted sampler disabled.
2026-04-27 20:21:11 [INFO] [CNN] Class counts: [256499, 47939, 206084]
2026-04-27 20:21:11 [INFO] [CNN] Class weights: [0.6633999943733215, 3.549799919128418, 0.8258000016212463]
2026-04-27 20:21:32 [INFO] Epoch 1/30, Loss: 1110.2918
2026-04-27 20:21:50 [INFO] Epoch 2/30, Loss: 699.8779
2026-04-27 20:22:08 [INFO] Epoch 3/30, Loss: 645.3597
2026-04-27 20:22:26 [INFO] Epoch 4/30, Loss: 592.3460
2026-04-27 20:22:45 [INFO] Epoch 5/30, Loss: 564.8003
2026-04-27 20:23:03 [INFO] Epoch 6/30, Loss: 533.6842
2026-04-27 20:23:21 [INFO] Epoch 7/30, Loss: 513.3477
2026-04-27 20:23:39 [INFO] Epoch 8/30, Loss: 501.1564
2026-04-27 20:23:58 [INFO] Epoch 9/30, Loss: 484.5335
2026-04-27 20:24:16 [INFO] Epoch 10/30, Loss: 470.0310
2026-04-27 20:24:34 [INFO] Epoch 11/30, Loss: 465.1772
2026-04-27 20:24:52 [INFO] Epoch 12/30, Loss: 459.0000
2026-04-27 20:25:11 [INFO] Epoch 13/30, Loss: 458.5103
2026-04-27 20:25:29 [INFO] Epoch 14/30, Loss: 447.1889
2026-04-27 20:25:47 [INFO] Epoch 15/30, Loss: 444.7005
2026-04-27 20:26:05 [INFO] Epoch 16/30, Loss: 444.2374
2026-04-27 20:26:24 [INFO] Epoch 17/30, Loss: 437.2697
2026-04-27 20:26:42 [INFO] Epoch 18/30, Loss: 434.9780
2026-04-27 20:27:00 [INFO] Epoch 19/30, Loss: 431.4568
2026-04-27 20:27:18 [INFO] Epoch 20/30, Loss: 429.5829
2026-04-27 20:27:37 [INFO] Epoch 21/30, Loss: 420.8874
2026-04-27 20:27:55 [INFO] Epoch 22/30, Loss: 425.3934
2026-04-27 20:28:13 [INFO] Epoch 23/30, Loss: 419.3634
2026-04-27 20:28:31 [INFO] Epoch 24/30, Loss: 418.5715
2026-04-27 20:28:49 [INFO] Epoch 25/30, Loss: 418.7795
2026-04-27 20:29:07 [INFO] Epoch 26/30, Loss: 415.9241
2026-04-27 20:29:26 [INFO] Epoch 27/30, Loss: 412.2420
2026-04-27 20:29:44 [INFO] Epoch 28/30, Loss: 411.2541
2026-04-27 20:30:02 [INFO] Epoch 29/30, Loss: 411.3967
2026-04-27 20:30:21 [INFO] Epoch 30/30, Loss: 410.0962
2026-04-27 20:30:21 [INFO] [CNN] Training time: 549.75 seconds
2026-04-27 20:30:21 [INFO] 

2026-04-27 20:30:21 [INFO] === Step 3: Evaluate ===
2026-04-27 20:31:17 [INFO] ========== Decision Tree ==========
2026-04-27 20:31:17 [INFO] Accuracy: 0.8560
2026-04-27 20:31:17 [INFO] Classification Report:
2026-04-27 20:31:17 [INFO] 
               precision    recall  f1-score   support

           0       0.92      0.92      0.92     65830
           1       0.64      0.84      0.73     14665
           2       0.85      0.79      0.82     55575

    accuracy                           0.86    136070
   macro avg       0.81      0.85      0.82    136070
weighted avg       0.86      0.86      0.86    136070

2026-04-27 20:31:17 [INFO] Confusion Matrix:
2026-04-27 20:31:17 [INFO] 
 [[60333     8  5489]
 [   22 12320  2323]
 [ 4920  6831 43824]]
2026-04-27 20:31:29 [INFO] [Decision Tree] Evaluate overlays saved under: /Volumes/JIAYI/ImageFocusDetection/logs/_evaluate_cache
2026-04-27 20:31:30 [INFO] ========== Random Forest ==========
2026-04-27 20:31:30 [INFO] Accuracy: 0.9073
2026-04-27 20:31:30 [INFO] Classification Report:
2026-04-27 20:31:30 [INFO] 
               precision    recall  f1-score   support

           0       0.98      0.91      0.94     65830
           1       0.77      0.90      0.83     14665
           2       0.87      0.90      0.89     55575

    accuracy                           0.91    136070
   macro avg       0.87      0.90      0.89    136070
weighted avg       0.91      0.91      0.91    136070

2026-04-27 20:31:30 [INFO] Confusion Matrix:
2026-04-27 20:31:30 [INFO] 
 [[60189     0  5641]
 [    0 13135  1530]
 [ 1538  3910 50127]]
2026-04-27 20:31:41 [INFO] [Random Forest] Evaluate overlays saved under: /Volumes/JIAYI/ImageFocusDetection/logs/_evaluate_cache
2026-04-27 20:31:42 [INFO] ========== SVM ==========
2026-04-27 20:31:42 [INFO] Accuracy: 0.9201
2026-04-27 20:31:42 [INFO] Classification Report:
2026-04-27 20:31:42 [INFO] 
               precision    recall  f1-score   support

           0       0.95      0.98      0.96     65830
           1       0.76      0.86      0.81     14665
           2       0.93      0.87      0.90     55575

    accuracy                           0.92    136070
   macro avg       0.88      0.90      0.89    136070
weighted avg       0.92      0.92      0.92    136070

2026-04-27 20:31:42 [INFO] Confusion Matrix:
2026-04-27 20:31:42 [INFO] 
 [[64279     1  1550]
 [    1 12651  2013]
 [ 3352  3958 48265]]
2026-04-27 20:31:54 [INFO] [SVM] Evaluate overlays saved under: /Volumes/JIAYI/ImageFocusDetection/logs/_evaluate_cache
2026-04-27 20:31:54 [INFO] [CNN] Multi-class prediction uses argmax.
2026-04-27 20:32:28 [INFO] ========== CNN ==========
2026-04-27 20:32:28 [INFO] Accuracy: 0.8539
2026-04-27 20:32:28 [INFO] Classification Report:
2026-04-27 20:32:28 [INFO] 
               precision    recall  f1-score   support

           0       0.82      1.00      0.90     65830
           1       1.00      0.61      0.76     14665
           2       0.88      0.75      0.81     55575

    accuracy                           0.85    136070
   macro avg       0.90      0.79      0.82    136070
weighted avg       0.86      0.85      0.85    136070

2026-04-27 20:32:28 [INFO] Confusion Matrix:
2026-04-27 20:32:28 [INFO] 
 [[65813     0    17]
 [    4  8941  5720]
 [14138     0 41437]]
2026-04-27 20:32:40 [INFO] [CNN] Evaluate overlays saved under: /Volumes/JIAYI/ImageFocusDetection/logs/_evaluate_cache
2026-04-27 20:32:40 [INFO] === Run 5/5 | training.sample_percentage=100 ===
2026-04-27 20:32:40 [INFO] Evaluate output tag: TR_sample_percentage_100
2026-04-27 20:32:40 [INFO] Enabled models: decision_tree, random_forest, svm, cnn
2026-04-27 20:32:40 [INFO] === Step 2: Training ===
2026-04-27 20:32:52 [INFO] [Decision Tree] Detected classes: [0, 1, 2]
2026-04-27 20:32:52 [INFO] [Decision Tree] Using 5 CPU cores for image loading.
2026-04-27 20:33:29 [INFO] [Decision Tree] Image loading done, time: 37.20s
2026-04-27 20:33:29 [INFO] [Decision Tree] X shape before PCA: (638153, 1024)
2026-04-27 20:33:58 [INFO] [Decision Tree] PCA preprocessing done, time: 28.70s
2026-04-27 20:33:58 [INFO] [Decision Tree] X shape after PCA: (638153, 108)
2026-04-27 20:33:58 [INFO] final_model_params = {'max_depth': 16, 'min_samples_split': 50, 'min_samples_leaf': 20, 'class_weight': 'balanced', 'random_state': 42}
2026-04-27 20:35:37 [INFO] [Decision Tree] Training done, time: 98.61s
2026-04-27 20:35:37 [INFO] 

2026-04-27 20:35:37 [INFO] [Random Forest] Detected classes: [0, 1, 2]
2026-04-27 20:35:37 [INFO] [Random Forest] Using 5 CPU cores for image loading.
2026-04-27 20:36:12 [INFO] [Random Forest] Image loading done, time: 35.81s
2026-04-27 20:36:12 [INFO] [Random Forest] X shape before PCA: (638153, 1024)
2026-04-27 20:36:40 [INFO] [Random Forest] PCA preprocessing done, time: 27.33s
2026-04-27 20:36:40 [INFO] [Random Forest] X shape after PCA: (638153, 108)
2026-04-27 20:36:40 [INFO] final_model_params = {'n_estimators': 100, 'max_depth': 16, 'random_state': 42, 'class_weight': 'balanced_subsample', 'n_jobs': -1}
2026-04-27 20:38:40 [INFO] [Random Forest] Training done, time: 119.84s
2026-04-27 20:38:40 [INFO] 

2026-04-27 20:38:40 [INFO] [SVM] Detected classes: [0, 1, 2]
2026-04-27 20:38:40 [INFO] [SVM] Using 5 CPU cores for image loading.
2026-04-27 20:39:15 [INFO] [SVM] Image loading done, time: 35.64s
2026-04-27 20:39:15 [INFO] [SVM] X shape before PCA: (638153, 1024)
2026-04-27 20:39:42 [INFO] [SVM] PCA preprocessing done, time: 26.49s
2026-04-27 20:39:42 [INFO] [SVM] X shape after PCA: (638153, 108)
2026-04-27 20:39:42 [INFO] final_model_params = {'nystroem_components': 300, 'nystroem_kernel': 'rbf', 'nystroem_gamma': None, 'random_state': 42, 'svc_c': 1.0, 'class_weight': 'balanced', 'max_iter': 5000}
2026-04-27 20:41:14 [INFO] [SVM] Training done, time: 92.03s
2026-04-27 20:41:14 [INFO] 

2026-04-27 20:41:14 [INFO] [CNN] Detected classes: [0, 1, 2], num_classes=3
2026-04-27 20:41:14 [INFO] ==== Device & Training Configuration ====
2026-04-27 20:41:14 [INFO] MPS Device detected
2026-04-27 20:41:14 [INFO] Using device: mps, AMP enabled: False
2026-04-27 20:41:14 [INFO] Batch size: 128, num_workers: 5
2026-04-27 20:41:14 [INFO] ========================================
2026-04-27 20:41:14 [INFO] [LMDB] Removed existing cache: /Volumes/JIAYI/ImageFocusDetection/data/samples_labels/patches_ps32.lmdb
2026-04-27 20:41:14 [INFO] [LMDB] Removed existing lock: /Volumes/JIAYI/ImageFocusDetection/data/samples_labels/patches_ps32.lmdb-lock
2026-04-27 20:43:50 [INFO] [LMDB] Build done in 155.83s
2026-04-27 20:43:50 [INFO] [CNN] Using LMDB dataset: /Volumes/JIAYI/ImageFocusDetection/data/samples_labels/patches_ps32.lmdb
2026-04-27 20:43:50 [INFO] [CNN] Weighted sampler disabled.
2026-04-27 20:43:50 [INFO] [CNN] Class counts: [320810, 59941, 257402]
2026-04-27 20:43:50 [INFO] [CNN] Class weights: [0.663100004196167, 3.548799991607666, 0.8263999819755554]
2026-04-27 20:44:15 [INFO] Epoch 1/30, Loss: 1269.4992
2026-04-27 20:44:38 [INFO] Epoch 2/30, Loss: 849.6643
2026-04-27 20:45:01 [INFO] Epoch 3/30, Loss: 755.9672
2026-04-27 20:45:24 [INFO] Epoch 4/30, Loss: 694.3482
2026-04-27 20:45:46 [INFO] Epoch 5/30, Loss: 656.6265
2026-04-27 20:46:09 [INFO] Epoch 6/30, Loss: 630.7084
2026-04-27 20:46:32 [INFO] Epoch 7/30, Loss: 612.8811
2026-04-27 20:46:55 [INFO] Epoch 8/30, Loss: 597.7454
2026-04-27 20:47:18 [INFO] Epoch 9/30, Loss: 584.8329
2026-04-27 20:47:40 [INFO] Epoch 10/30, Loss: 573.3428
2026-04-27 20:48:03 [INFO] Epoch 11/30, Loss: 563.2524
2026-04-27 20:48:26 [INFO] Epoch 12/30, Loss: 560.2910
2026-04-27 20:48:49 [INFO] Epoch 13/30, Loss: 550.1073
2026-04-27 20:49:11 [INFO] Epoch 14/30, Loss: 542.7955
2026-04-27 20:49:34 [INFO] Epoch 15/30, Loss: 539.4491
2026-04-27 20:49:57 [INFO] Epoch 16/30, Loss: 540.8938
2026-04-27 20:50:20 [INFO] Epoch 17/30, Loss: 532.6321
2026-04-27 20:50:42 [INFO] Epoch 18/30, Loss: 526.6603
2026-04-27 20:51:05 [INFO] Epoch 19/30, Loss: 521.8930
2026-04-27 20:51:28 [INFO] Epoch 20/30, Loss: 521.2730
2026-04-27 20:51:51 [INFO] Epoch 21/30, Loss: 524.4520
2026-04-27 20:52:14 [INFO] Epoch 22/30, Loss: 518.4399
2026-04-27 20:52:36 [INFO] Epoch 23/30, Loss: 515.7473
2026-04-27 20:52:59 [INFO] Epoch 24/30, Loss: 512.3368
2026-04-27 20:53:22 [INFO] Epoch 25/30, Loss: 510.1614
2026-04-27 20:53:45 [INFO] Epoch 26/30, Loss: 504.6327
2026-04-27 20:54:08 [INFO] Epoch 27/30, Loss: 500.1565
2026-04-27 20:54:31 [INFO] Epoch 28/30, Loss: 504.8840
2026-04-27 20:54:53 [INFO] Epoch 29/30, Loss: 497.6098
2026-04-27 20:55:16 [INFO] Epoch 30/30, Loss: 500.7330
2026-04-27 20:55:16 [INFO] [CNN] Training time: 686.11 seconds
2026-04-27 20:55:16 [INFO] 

2026-04-27 20:55:16 [INFO] === Step 3: Evaluate ===
2026-04-27 20:56:12 [INFO] ========== Decision Tree ==========
2026-04-27 20:56:12 [INFO] Accuracy: 0.8577
2026-04-27 20:56:12 [INFO] Classification Report:
2026-04-27 20:56:12 [INFO] 
               precision    recall  f1-score   support

           0       0.93      0.92      0.92     65830
           1       0.65      0.83      0.73     14665
           2       0.85      0.80      0.82     55575

    accuracy                           0.86    136070
   macro avg       0.81      0.85      0.82    136070
weighted avg       0.86      0.86      0.86    136070

2026-04-27 20:56:12 [INFO] Confusion Matrix:
2026-04-27 20:56:12 [INFO] 
 [[60309     8  5513]
 [   18 12218  2429]
 [ 4727  6663 44185]]
2026-04-27 20:56:24 [INFO] [Decision Tree] Evaluate overlays saved under: /Volumes/JIAYI/ImageFocusDetection/logs/_evaluate_cache
2026-04-27 20:56:25 [INFO] ========== Random Forest ==========
2026-04-27 20:56:25 [INFO] Accuracy: 0.9051
2026-04-27 20:56:25 [INFO] Classification Report:
2026-04-27 20:56:25 [INFO] 
               precision    recall  f1-score   support

           0       0.97      0.91      0.94     65830
           1       0.75      0.91      0.83     14665
           2       0.88      0.89      0.88     55575

    accuracy                           0.91    136070
   macro avg       0.87      0.91      0.88    136070
weighted avg       0.91      0.91      0.91    136070

2026-04-27 20:56:25 [INFO] Confusion Matrix:
2026-04-27 20:56:25 [INFO] 
 [[60151     0  5679]
 [    0 13355  1310]
 [ 1590  4334 49651]]
2026-04-27 20:56:36 [INFO] [Random Forest] Evaluate overlays saved under: /Volumes/JIAYI/ImageFocusDetection/logs/_evaluate_cache
2026-04-27 20:56:37 [INFO] ========== SVM ==========
2026-04-27 20:56:37 [INFO] Accuracy: 0.9198
2026-04-27 20:56:37 [INFO] Classification Report:
2026-04-27 20:56:37 [INFO] 
               precision    recall  f1-score   support

           0       0.95      0.98      0.96     65830
           1       0.76      0.86      0.81     14665
           2       0.93      0.87      0.90     55575

    accuracy                           0.92    136070
   macro avg       0.88      0.90      0.89    136070
weighted avg       0.92      0.92      0.92    136070

2026-04-27 20:56:37 [INFO] Confusion Matrix:
2026-04-27 20:56:37 [INFO] 
 [[64323     0  1507]
 [    0 12615  2050]
 [ 3380  3979 48216]]
2026-04-27 20:56:49 [INFO] [SVM] Evaluate overlays saved under: /Volumes/JIAYI/ImageFocusDetection/logs/_evaluate_cache
2026-04-27 20:56:49 [INFO] [CNN] Multi-class prediction uses argmax.
2026-04-27 20:57:23 [INFO] ========== CNN ==========
2026-04-27 20:57:23 [INFO] Accuracy: 0.8709
2026-04-27 20:57:23 [INFO] Classification Report:
2026-04-27 20:57:23 [INFO] 
               precision    recall  f1-score   support

           0       0.86      0.99      0.92     65830
           1       1.00      0.60      0.75     14665
           2       0.87      0.80      0.84     55575

    accuracy                           0.87    136070
   macro avg       0.91      0.80      0.83    136070
weighted avg       0.88      0.87      0.87    136070

2026-04-27 20:57:23 [INFO] Confusion Matrix:
2026-04-27 20:57:23 [INFO] 
 [[65110     0   720]
 [    3  8748  5914]
 [10926     0 44649]]
2026-04-27 20:57:35 [INFO] [CNN] Evaluate overlays saved under: /Volumes/JIAYI/ImageFocusDetection/logs/_evaluate_cache
2026-04-27 20:57:35 [INFO] Packaged outputs: /Volumes/JIAYI/ImageFocusDetection/logs/TR_sample_percentage_2026_0427_193743
2026-04-27 20:57:40 [INFO] Collected 370 predict image folder(s) to: /Volumes/JIAYI/ImageFocusDetection/logs/TR_sample_percentage_2026_0427_193743/predict_images
2026-04-27 20:57:41 [INFO] Generated plots: 14
