2026-04-27 13:39:04 [INFO] experiment_cfg = {'training': {'patch_size': 32, 'sharp_threshold': 0.75, 'blur_threshold': 0.75, 'PCA_components': [0.95, 0.99, 0.995, 0.999], 'sample_percentage': 100}, 'models': {'decision_tree': {'max_depth': 16, 'min_samples_split': 50, 'min_samples_leaf': 20, 'class_weight': 'balanced', 'random_state': 42}, 'random_forest': {'n_estimators': 100, 'max_depth': 16, 'random_state': 42, 'class_weight': 'balanced_subsample', 'n_jobs': -1}, 'svm': {'nystroem_components': 300, 'nystroem_kernel': 'rbf', 'nystroem_gamma': None, 'random_state': 42, 'svc_c': 1.0, 'class_weight': 'balanced', 'max_iter': 5000}, 'cnn': {'epochs': 10, 'batch_base': 128, 'seed': 42, 'learning_rate': 0.001, 'use_weighted_sampler': 'auto', 'sampler_weight_power': 1.0, 'loss_weight_power': 1.0, 'build_lmdb_if_missing': True, 'assume_fixed_size': True}}}
2026-04-27 13:39:04 [INFO] control_cfg = {'pipeline': {'preprocess': 1, 'train_evaluate': 1}, 'models': {'decision_tree': 1, 'random_forest': 1, 'svm': 1, 'cnn': 0}}
2026-04-27 13:39:04 [INFO] 

2026-04-27 13:39:04 [INFO] Sweep target: training.PCA_components -> [0.95, 0.99, 0.995, 0.999]
2026-04-27 13:39:04 [INFO] === Step 1: Preprocessing (Run Once) ===
2026-04-27 13:47:19 [INFO] Preprocessing total time: 494.65s
2026-04-27 13:47:19 [INFO] === Mode: Train + Evaluate ===
2026-04-27 13:47:19 [INFO] === Run 1/4 | training.PCA_components=0.95 ===
2026-04-27 13:47:19 [INFO] Evaluate output tag: TR_PCA_components_0_95
2026-04-27 13:47:19 [INFO] Enabled models: decision_tree, random_forest, svm
2026-04-27 13:47:19 [INFO] === Step 2: Training ===
2026-04-27 13:47:31 [INFO] [Decision Tree] Detected classes: [0, 1]
2026-04-27 13:47:31 [INFO] [Decision Tree] Using 5 CPU cores for image loading.
2026-04-27 13:47:54 [INFO] [Decision Tree] Image loading done, time: 22.76s
2026-04-27 13:47:54 [INFO] [Decision Tree] X shape before PCA: (638153, 1024)
2026-04-27 13:48:22 [INFO] [Decision Tree] PCA preprocessing done, time: 28.05s
2026-04-27 13:48:22 [INFO] [Decision Tree] X shape after PCA: (638153, 6)
2026-04-27 13:48:22 [INFO] final_model_params = {'max_depth': 16, 'min_samples_split': 50, 'min_samples_leaf': 20, 'class_weight': 'balanced', 'random_state': 42}
2026-04-27 13:48:27 [INFO] [Decision Tree] Training done, time: 5.37s
2026-04-27 13:48:27 [INFO] 

2026-04-27 13:48:27 [INFO] [Random Forest] Detected classes: [0, 1]
2026-04-27 13:48:27 [INFO] [Random Forest] Using 5 CPU cores for image loading.
2026-04-27 13:48:48 [INFO] [Random Forest] Image loading done, time: 21.31s
2026-04-27 13:48:48 [INFO] [Random Forest] X shape before PCA: (638153, 1024)
2026-04-27 13:49:18 [INFO] [Random Forest] PCA preprocessing done, time: 29.42s
2026-04-27 13:49:18 [INFO] [Random Forest] X shape after PCA: (638153, 6)
2026-04-27 13:49:18 [INFO] final_model_params = {'n_estimators': 100, 'max_depth': 16, 'random_state': 42, 'class_weight': 'balanced_subsample', 'n_jobs': -1}
2026-04-27 13:49:44 [INFO] [Random Forest] Training done, time: 26.34s
2026-04-27 13:49:44 [INFO] 

2026-04-27 13:49:44 [INFO] [SVM] Detected classes: [0, 1]
2026-04-27 13:49:44 [INFO] [SVM] Using 5 CPU cores for image loading.
2026-04-27 13:50:06 [INFO] [SVM] Image loading done, time: 21.89s
2026-04-27 13:50:06 [INFO] [SVM] X shape before PCA: (638153, 1024)
2026-04-27 13:50:36 [INFO] [SVM] PCA preprocessing done, time: 30.26s
2026-04-27 13:50:36 [INFO] [SVM] X shape after PCA: (638153, 6)
2026-04-27 13:50:36 [INFO] final_model_params = {'nystroem_components': 300, 'nystroem_kernel': 'rbf', 'nystroem_gamma': None, 'random_state': 42, 'svc_c': 1.0, 'class_weight': 'balanced', 'max_iter': 5000}
2026-04-27 13:52:39 [INFO] [SVM] Training done, time: 122.06s
2026-04-27 13:52:39 [INFO] 

2026-04-27 13:52:39 [INFO] === Step 3: Evaluate ===
2026-04-27 13:52:58 [INFO] ========== Decision Tree ==========
2026-04-27 13:52:58 [INFO] Accuracy: 0.6935
2026-04-27 13:52:58 [INFO] Classification Report:
2026-04-27 13:52:58 [INFO] 
               precision    recall  f1-score   support

           0       0.96      0.68      0.80    121405
           1       0.23      0.78      0.35     14665

    accuracy                           0.69    136070
   macro avg       0.60      0.73      0.58    136070
weighted avg       0.88      0.69      0.75    136070

2026-04-27 13:52:58 [INFO] Confusion Matrix:
2026-04-27 13:52:58 [INFO] 
 [[82979 38426]
 [ 3273 11392]]
2026-04-27 13:53:09 [INFO] [Decision Tree] Evaluate overlays saved under: /Volumes/JIAYI/ImageFocusDetection/logs/_evaluate_cache
2026-04-27 13:53:09 [INFO] ========== Random Forest ==========
2026-04-27 13:53:09 [INFO] Accuracy: 0.7587
2026-04-27 13:53:09 [INFO] Classification Report:
2026-04-27 13:53:09 [INFO] 
               precision    recall  f1-score   support

           0       0.96      0.76      0.85    121405
           1       0.27      0.73      0.40     14665

    accuracy                           0.76    136070
   macro avg       0.61      0.75      0.62    136070
weighted avg       0.88      0.76      0.80    136070

2026-04-27 13:53:09 [INFO] Confusion Matrix:
2026-04-27 13:53:09 [INFO] 
 [[92513 28892]
 [ 3937 10728]]
2026-04-27 13:53:19 [INFO] [Random Forest] Evaluate overlays saved under: /Volumes/JIAYI/ImageFocusDetection/logs/_evaluate_cache
2026-04-27 13:53:20 [INFO] ========== SVM ==========
2026-04-27 13:53:20 [INFO] Accuracy: 0.7252
2026-04-27 13:53:20 [INFO] Classification Report:
2026-04-27 13:53:20 [INFO] 
               precision    recall  f1-score   support

           0       0.96      0.72      0.82    121405
           1       0.25      0.76      0.37     14665

    accuracy                           0.73    136070
   macro avg       0.60      0.74      0.60    136070
weighted avg       0.88      0.73      0.78    136070

2026-04-27 13:53:20 [INFO] Confusion Matrix:
2026-04-27 13:53:20 [INFO] 
 [[87555 33850]
 [ 3540 11125]]
2026-04-27 13:53:30 [INFO] [SVM] Evaluate overlays saved under: /Volumes/JIAYI/ImageFocusDetection/logs/_evaluate_cache
2026-04-27 13:53:30 [INFO] === Run 2/4 | training.PCA_components=0.99 ===
2026-04-27 13:53:30 [INFO] Evaluate output tag: TR_PCA_components_0_99
2026-04-27 13:53:30 [INFO] Enabled models: decision_tree, random_forest, svm
2026-04-27 13:53:30 [INFO] === Step 2: Training ===
2026-04-27 13:53:42 [INFO] [Decision Tree] Detected classes: [0, 1]
2026-04-27 13:53:42 [INFO] [Decision Tree] Using 5 CPU cores for image loading.
2026-04-27 13:54:04 [INFO] [Decision Tree] Image loading done, time: 22.16s
2026-04-27 13:54:04 [INFO] [Decision Tree] X shape before PCA: (638153, 1024)
2026-04-27 13:54:32 [INFO] [Decision Tree] PCA preprocessing done, time: 27.77s
2026-04-27 13:54:32 [INFO] [Decision Tree] X shape after PCA: (638153, 50)
2026-04-27 13:54:32 [INFO] final_model_params = {'max_depth': 16, 'min_samples_split': 50, 'min_samples_leaf': 20, 'class_weight': 'balanced', 'random_state': 42}
2026-04-27 13:55:20 [INFO] [Decision Tree] Training done, time: 47.49s
2026-04-27 13:55:20 [INFO] 

2026-04-27 13:55:20 [INFO] [Random Forest] Detected classes: [0, 1]
2026-04-27 13:55:20 [INFO] [Random Forest] Using 5 CPU cores for image loading.
2026-04-27 13:55:41 [INFO] [Random Forest] Image loading done, time: 21.28s
2026-04-27 13:55:41 [INFO] [Random Forest] X shape before PCA: (638153, 1024)
2026-04-27 13:56:08 [INFO] [Random Forest] PCA preprocessing done, time: 26.95s
2026-04-27 13:56:08 [INFO] [Random Forest] X shape after PCA: (638153, 50)
2026-04-27 13:56:08 [INFO] final_model_params = {'n_estimators': 100, 'max_depth': 16, 'random_state': 42, 'class_weight': 'balanced_subsample', 'n_jobs': -1}
2026-04-27 13:57:44 [INFO] [Random Forest] Training done, time: 95.94s
2026-04-27 13:57:44 [INFO] 

2026-04-27 13:57:44 [INFO] [SVM] Detected classes: [0, 1]
2026-04-27 13:57:44 [INFO] [SVM] Using 5 CPU cores for image loading.
2026-04-27 13:58:05 [INFO] [SVM] Image loading done, time: 21.10s
2026-04-27 13:58:05 [INFO] [SVM] X shape before PCA: (638153, 1024)
2026-04-27 13:58:33 [INFO] [SVM] PCA preprocessing done, time: 27.94s
2026-04-27 13:58:33 [INFO] [SVM] X shape after PCA: (638153, 50)
2026-04-27 13:58:33 [INFO] final_model_params = {'nystroem_components': 300, 'nystroem_kernel': 'rbf', 'nystroem_gamma': None, 'random_state': 42, 'svc_c': 1.0, 'class_weight': 'balanced', 'max_iter': 5000}
2026-04-27 13:59:14 [INFO] [SVM] Training done, time: 40.93s
2026-04-27 13:59:14 [INFO] 

2026-04-27 13:59:14 [INFO] === Step 3: Evaluate ===
2026-04-27 13:59:33 [INFO] ========== Decision Tree ==========
2026-04-27 13:59:33 [INFO] Accuracy: 0.8838
2026-04-27 13:59:33 [INFO] Classification Report:
2026-04-27 13:59:33 [INFO] 
               precision    recall  f1-score   support

           0       0.98      0.88      0.93    121405
           1       0.48      0.88      0.62     14665

    accuracy                           0.88    136070
   macro avg       0.73      0.88      0.78    136070
weighted avg       0.93      0.88      0.90    136070

2026-04-27 13:59:33 [INFO] Confusion Matrix:
2026-04-27 13:59:33 [INFO] 
 [[107384  14021]
 [  1791  12874]]
2026-04-27 13:59:43 [INFO] [Decision Tree] Evaluate overlays saved under: /Volumes/JIAYI/ImageFocusDetection/logs/_evaluate_cache
2026-04-27 13:59:44 [INFO] ========== Random Forest ==========
2026-04-27 13:59:44 [INFO] Accuracy: 0.9143
2026-04-27 13:59:44 [INFO] Classification Report:
2026-04-27 13:59:44 [INFO] 
               precision    recall  f1-score   support

           0       0.99      0.91      0.95    121405
           1       0.56      0.92      0.70     14665

    accuracy                           0.91    136070
   macro avg       0.78      0.92      0.82    136070
weighted avg       0.94      0.91      0.92    136070

2026-04-27 13:59:44 [INFO] Confusion Matrix:
2026-04-27 13:59:44 [INFO] 
 [[110910  10495]
 [  1173  13492]]
2026-04-27 13:59:54 [INFO] [Random Forest] Evaluate overlays saved under: /Volumes/JIAYI/ImageFocusDetection/logs/_evaluate_cache
2026-04-27 13:59:54 [INFO] ========== SVM ==========
2026-04-27 13:59:54 [INFO] Accuracy: 0.8868
2026-04-27 13:59:54 [INFO] Classification Report:
2026-04-27 13:59:54 [INFO] 
               precision    recall  f1-score   support

           0       0.99      0.88      0.93    121405
           1       0.49      0.94      0.64     14665

    accuracy                           0.89    136070
   macro avg       0.74      0.91      0.79    136070
weighted avg       0.94      0.89      0.90    136070

2026-04-27 13:59:54 [INFO] Confusion Matrix:
2026-04-27 13:59:54 [INFO] 
 [[106815  14590]
 [   807  13858]]
2026-04-27 14:00:04 [INFO] [SVM] Evaluate overlays saved under: /Volumes/JIAYI/ImageFocusDetection/logs/_evaluate_cache
2026-04-27 14:00:04 [INFO] === Run 3/4 | training.PCA_components=0.995 ===
2026-04-27 14:00:04 [INFO] Evaluate output tag: TR_PCA_components_0_995
2026-04-27 14:00:04 [INFO] Enabled models: decision_tree, random_forest, svm
2026-04-27 14:00:04 [INFO] === Step 2: Training ===
2026-04-27 14:00:16 [INFO] [Decision Tree] Detected classes: [0, 1]
2026-04-27 14:00:16 [INFO] [Decision Tree] Using 5 CPU cores for image loading.
2026-04-27 14:00:39 [INFO] [Decision Tree] Image loading done, time: 22.54s
2026-04-27 14:00:39 [INFO] [Decision Tree] X shape before PCA: (638153, 1024)
2026-04-27 14:01:07 [INFO] [Decision Tree] PCA preprocessing done, time: 28.58s
2026-04-27 14:01:07 [INFO] [Decision Tree] X shape after PCA: (638153, 108)
2026-04-27 14:01:07 [INFO] final_model_params = {'max_depth': 16, 'min_samples_split': 50, 'min_samples_leaf': 20, 'class_weight': 'balanced', 'random_state': 42}
2026-04-27 14:02:52 [INFO] [Decision Tree] Training done, time: 104.46s
2026-04-27 14:02:52 [INFO] 

2026-04-27 14:02:52 [INFO] [Random Forest] Detected classes: [0, 1]
2026-04-27 14:02:52 [INFO] [Random Forest] Using 5 CPU cores for image loading.
2026-04-27 14:03:13 [INFO] [Random Forest] Image loading done, time: 21.63s
2026-04-27 14:03:13 [INFO] [Random Forest] X shape before PCA: (638153, 1024)
2026-04-27 14:03:42 [INFO] [Random Forest] PCA preprocessing done, time: 28.92s
2026-04-27 14:03:42 [INFO] [Random Forest] X shape after PCA: (638153, 108)
2026-04-27 14:03:42 [INFO] final_model_params = {'n_estimators': 100, 'max_depth': 16, 'random_state': 42, 'class_weight': 'balanced_subsample', 'n_jobs': -1}
2026-04-27 14:05:52 [INFO] [Random Forest] Training done, time: 129.81s
2026-04-27 14:05:52 [INFO] 

2026-04-27 14:05:52 [INFO] [SVM] Detected classes: [0, 1]
2026-04-27 14:05:52 [INFO] [SVM] Using 5 CPU cores for image loading.
2026-04-27 14:06:13 [INFO] [SVM] Image loading done, time: 21.35s
2026-04-27 14:06:13 [INFO] [SVM] X shape before PCA: (638153, 1024)
2026-04-27 14:06:41 [INFO] [SVM] PCA preprocessing done, time: 28.02s
2026-04-27 14:06:41 [INFO] [SVM] X shape after PCA: (638153, 108)
2026-04-27 14:06:41 [INFO] final_model_params = {'nystroem_components': 300, 'nystroem_kernel': 'rbf', 'nystroem_gamma': None, 'random_state': 42, 'svc_c': 1.0, 'class_weight': 'balanced', 'max_iter': 5000}
2026-04-27 14:07:00 [INFO] [SVM] Training done, time: 18.42s
2026-04-27 14:07:00 [INFO] 

2026-04-27 14:07:00 [INFO] === Step 3: Evaluate ===
2026-04-27 14:07:19 [INFO] ========== Decision Tree ==========
2026-04-27 14:07:19 [INFO] Accuracy: 0.9223
2026-04-27 14:07:19 [INFO] Classification Report:
2026-04-27 14:07:19 [INFO] 
               precision    recall  f1-score   support

           0       0.99      0.93      0.96    121405
           1       0.59      0.90      0.71     14665

    accuracy                           0.92    136070
   macro avg       0.79      0.91      0.83    136070
weighted avg       0.94      0.92      0.93    136070

2026-04-27 14:07:19 [INFO] Confusion Matrix:
2026-04-27 14:07:19 [INFO] 
 [[112309   9096]
 [  1481  13184]]
2026-04-27 14:07:29 [INFO] [Decision Tree] Evaluate overlays saved under: /Volumes/JIAYI/ImageFocusDetection/logs/_evaluate_cache
2026-04-27 14:07:30 [INFO] ========== Random Forest ==========
2026-04-27 14:07:30 [INFO] Accuracy: 0.9413
2026-04-27 14:07:30 [INFO] Classification Report:
2026-04-27 14:07:30 [INFO] 
               precision    recall  f1-score   support

           0       0.99      0.94      0.97    121405
           1       0.66      0.96      0.78     14665

    accuracy                           0.94    136070
   macro avg       0.83      0.95      0.87    136070
weighted avg       0.96      0.94      0.95    136070

2026-04-27 14:07:30 [INFO] Confusion Matrix:
2026-04-27 14:07:30 [INFO] 
 [[114012   7393]
 [   588  14077]]
2026-04-27 14:07:40 [INFO] [Random Forest] Evaluate overlays saved under: /Volumes/JIAYI/ImageFocusDetection/logs/_evaluate_cache
2026-04-27 14:07:40 [INFO] ========== SVM ==========
2026-04-27 14:07:40 [INFO] Accuracy: 0.9268
2026-04-27 14:07:40 [INFO] Classification Report:
2026-04-27 14:07:40 [INFO] 
               precision    recall  f1-score   support

           0       1.00      0.92      0.96    121405
           1       0.60      0.97      0.74     14665

    accuracy                           0.93    136070
   macro avg       0.80      0.95      0.85    136070
weighted avg       0.95      0.93      0.93    136070

2026-04-27 14:07:40 [INFO] Confusion Matrix:
2026-04-27 14:07:40 [INFO] 
 [[111897   9508]
 [   452  14213]]
2026-04-27 14:07:50 [INFO] [SVM] Evaluate overlays saved under: /Volumes/JIAYI/ImageFocusDetection/logs/_evaluate_cache
2026-04-27 14:07:50 [INFO] === Run 4/4 | training.PCA_components=0.999 ===
2026-04-27 14:07:50 [INFO] Evaluate output tag: TR_PCA_components_0_999
2026-04-27 14:07:50 [INFO] Enabled models: decision_tree, random_forest, svm
2026-04-27 14:07:50 [INFO] === Step 2: Training ===
2026-04-27 14:08:02 [INFO] [Decision Tree] Detected classes: [0, 1]
2026-04-27 14:08:02 [INFO] [Decision Tree] Using 5 CPU cores for image loading.
2026-04-27 14:08:25 [INFO] [Decision Tree] Image loading done, time: 22.61s
2026-04-27 14:08:25 [INFO] [Decision Tree] X shape before PCA: (638153, 1024)
2026-04-27 14:08:52 [INFO] [Decision Tree] PCA preprocessing done, time: 27.35s
2026-04-27 14:08:52 [INFO] [Decision Tree] X shape after PCA: (638153, 383)
2026-04-27 14:08:52 [INFO] final_model_params = {'max_depth': 16, 'min_samples_split': 50, 'min_samples_leaf': 20, 'class_weight': 'balanced', 'random_state': 42}
2026-04-27 14:15:03 [INFO] [Decision Tree] Training done, time: 371.16s
2026-04-27 14:15:03 [INFO] 

2026-04-27 14:15:03 [INFO] [Random Forest] Detected classes: [0, 1]
2026-04-27 14:15:03 [INFO] [Random Forest] Using 5 CPU cores for image loading.
2026-04-27 14:15:57 [INFO] [Random Forest] Image loading done, time: 53.82s
2026-04-27 14:15:57 [INFO] [Random Forest] X shape before PCA: (638153, 1024)
2026-04-27 14:16:25 [INFO] [Random Forest] PCA preprocessing done, time: 28.14s
2026-04-27 14:16:25 [INFO] [Random Forest] X shape after PCA: (638153, 383)
2026-04-27 14:16:25 [INFO] final_model_params = {'n_estimators': 100, 'max_depth': 16, 'random_state': 42, 'class_weight': 'balanced_subsample', 'n_jobs': -1}
2026-04-27 14:20:46 [INFO] [Random Forest] Training done, time: 260.94s
2026-04-27 14:20:46 [INFO] 

2026-04-27 14:20:46 [INFO] [SVM] Detected classes: [0, 1]
2026-04-27 14:20:46 [INFO] [SVM] Using 5 CPU cores for image loading.
2026-04-27 14:21:07 [INFO] [SVM] Image loading done, time: 21.13s
2026-04-27 14:21:07 [INFO] [SVM] X shape before PCA: (638153, 1024)
2026-04-27 14:21:33 [INFO] [SVM] PCA preprocessing done, time: 26.13s
2026-04-27 14:21:33 [INFO] [SVM] X shape after PCA: (638153, 383)
2026-04-27 14:21:33 [INFO] final_model_params = {'nystroem_components': 300, 'nystroem_kernel': 'rbf', 'nystroem_gamma': None, 'random_state': 42, 'svc_c': 1.0, 'class_weight': 'balanced', 'max_iter': 5000}
2026-04-27 14:21:43 [INFO] [SVM] Training done, time: 9.46s
2026-04-27 14:21:43 [INFO] 

2026-04-27 14:21:43 [INFO] === Step 3: Evaluate ===
2026-04-27 14:22:02 [INFO] ========== Decision Tree ==========
2026-04-27 14:22:02 [INFO] Accuracy: 0.9373
2026-04-27 14:22:02 [INFO] Classification Report:
2026-04-27 14:22:03 [INFO] 
               precision    recall  f1-score   support

           0       0.99      0.94      0.96    121405
           1       0.65      0.89      0.75     14665

    accuracy                           0.94    136070
   macro avg       0.82      0.92      0.86    136070
weighted avg       0.95      0.94      0.94    136070

2026-04-27 14:22:03 [INFO] Confusion Matrix:
2026-04-27 14:22:03 [INFO] 
 [[114512   6893]
 [  1636  13029]]
2026-04-27 14:22:13 [INFO] [Decision Tree] Evaluate overlays saved under: /Volumes/JIAYI/ImageFocusDetection/logs/_evaluate_cache
2026-04-27 14:22:13 [INFO] ========== Random Forest ==========
2026-04-27 14:22:13 [INFO] Accuracy: 0.9582
2026-04-27 14:22:13 [INFO] Classification Report:
2026-04-27 14:22:13 [INFO] 
               precision    recall  f1-score   support

           0       1.00      0.96      0.98    121405
           1       0.73      0.98      0.83     14665

    accuracy                           0.96    136070
   macro avg       0.86      0.97      0.91    136070
weighted avg       0.97      0.96      0.96    136070

2026-04-27 14:22:13 [INFO] Confusion Matrix:
2026-04-27 14:22:13 [INFO] 
 [[116074   5331]
 [   360  14305]]
2026-04-27 14:22:23 [INFO] [Random Forest] Evaluate overlays saved under: /Volumes/JIAYI/ImageFocusDetection/logs/_evaluate_cache
2026-04-27 14:22:24 [INFO] ========== SVM ==========
2026-04-27 14:22:24 [INFO] Accuracy: 0.9740
2026-04-27 14:22:24 [INFO] Classification Report:
2026-04-27 14:22:24 [INFO] 
               precision    recall  f1-score   support

           0       1.00      0.97      0.99    121405
           1       0.81      0.99      0.89     14665

    accuracy                           0.97    136070
   macro avg       0.90      0.98      0.94    136070
weighted avg       0.98      0.97      0.98    136070

2026-04-27 14:22:24 [INFO] Confusion Matrix:
2026-04-27 14:22:24 [INFO] 
 [[118000   3405]
 [   128  14537]]
2026-04-27 14:22:34 [INFO] [SVM] Evaluate overlays saved under: /Volumes/JIAYI/ImageFocusDetection/logs/_evaluate_cache
2026-04-27 14:22:34 [INFO] Packaged outputs: /Volumes/JIAYI/ImageFocusDetection/logs/TR_PCA_components_2026_0427_134719
2026-04-27 14:22:36 [INFO] Collected 296 predict image folder(s) to: /Volumes/JIAYI/ImageFocusDetection/logs/TR_PCA_components_2026_0427_134719/predict_images
2026-04-27 14:22:36 [INFO] Generated plots: 6
